
Optional file libmchp_peripheral.a not found

Optional file libmchp_peripheral_32MX795F512L.a not found
Archive member included because of file (symbol)

c:/program files (x86)/microchip/xc32/v1.40/bin/bin/../../lib/gcc/pic32mx/4.8.3/../../../../pic32mx/lib\libpic32.a(memcpy.o)
                              build/default/production/_ext/1425699677/queue.o (memcpy)
c:/program files (x86)/microchip/xc32/v1.40/bin/bin/../../lib/gcc/pic32mx/4.8.3/../../../../pic32mx/lib\libpic32.a(memset.o)
                              build/default/production/_ext/1425699677/tasks.o (memset)
c:/program files (x86)/microchip/xc32/v1.40/bin/bin/../../lib/gcc/pic32mx/4.8.3/../../../../pic32mx/lib\libpic32.a(default-bootstrap-exception-handler.o)
                              c:/program files (x86)/microchip/xc32/v1.40/bin/bin/../../lib/gcc/pic32mx/4.8.3/../../../../pic32mx/lib/./proc/32MX795F512L/crt0_mips32r2.o (_bootstrap_exception_handler)
c:/program files (x86)/microchip/xc32/v1.40/bin/bin/../../lib/gcc/pic32mx/4.8.3/../../../../pic32mx/lib\libpic32.a(default-on-reset.o)
                              c:/program files (x86)/microchip/xc32/v1.40/bin/bin/../../lib/gcc/pic32mx/4.8.3/../../../../pic32mx/lib/./proc/32MX795F512L/crt0_mips32r2.o (_on_reset)
c:/program files (x86)/microchip/xc32/v1.40/bin/bin/../../lib/gcc/pic32mx/4.8.3/../../../../pic32mx/lib\libpic32.a(default-on-bootstrap.o)
                              c:/program files (x86)/microchip/xc32/v1.40/bin/bin/../../lib/gcc/pic32mx/4.8.3/../../../../pic32mx/lib/./proc/32MX795F512L/crt0_mips32r2.o (_on_bootstrap)
c:/program files (x86)/microchip/xc32/v1.40/bin/bin/../../lib/gcc/pic32mx/4.8.3/../../../../pic32mx/lib\libpic32.a(default-nmi-handler.o)
                              c:/program files (x86)/microchip/xc32/v1.40/bin/bin/../../lib/gcc/pic32mx/4.8.3/../../../../pic32mx/lib/./proc/32MX795F512L/crt0_mips32r2.o (_nmi_handler)
c:/program files (x86)/microchip/xc32/v1.40/bin/bin/../../lib/gcc/pic32mx/4.8.3/../../../../pic32mx/lib\libpic32.a(general-exception.o)
                              c:/program files (x86)/microchip/xc32/v1.40/bin/bin/../../lib/gcc/pic32mx/4.8.3/../../../../pic32mx/lib/./proc/32MX795F512L/crt0_mips32r2.o (_general_exception_context)
c:/program files (x86)/microchip/xc32/v1.40/bin/bin/../../lib/gcc/pic32mx/4.8.3/../../../../pic32mx/lib\libpic32.a(vector0.o)
                              c:/program files (x86)/microchip/xc32/v1.40/bin/bin/../../lib/gcc/pic32mx/4.8.3/../../../../pic32mx/lib/./proc/32MX795F512L\default_isr_vectors.o (__vector_dispatch_0)
c:/program files (x86)/microchip/xc32/v1.40/bin/bin/../../lib/gcc/pic32mx/4.8.3/../../../../pic32mx/lib\libpic32.a(vector2.o)
                              c:/program files (x86)/microchip/xc32/v1.40/bin/bin/../../lib/gcc/pic32mx/4.8.3/../../../../pic32mx/lib/./proc/32MX795F512L\default_isr_vectors.o (__vector_dispatch_2)
c:/program files (x86)/microchip/xc32/v1.40/bin/bin/../../lib/gcc/pic32mx/4.8.3/../../../../pic32mx/lib\libpic32.a(vector3.o)
                              c:/program files (x86)/microchip/xc32/v1.40/bin/bin/../../lib/gcc/pic32mx/4.8.3/../../../../pic32mx/lib/./proc/32MX795F512L\default_isr_vectors.o (__vector_dispatch_3)
c:/program files (x86)/microchip/xc32/v1.40/bin/bin/../../lib/gcc/pic32mx/4.8.3/../../../../pic32mx/lib\libpic32.a(vector5.o)
                              c:/program files (x86)/microchip/xc32/v1.40/bin/bin/../../lib/gcc/pic32mx/4.8.3/../../../../pic32mx/lib/./proc/32MX795F512L\default_isr_vectors.o (__vector_dispatch_5)
c:/program files (x86)/microchip/xc32/v1.40/bin/bin/../../lib/gcc/pic32mx/4.8.3/../../../../pic32mx/lib\libpic32.a(vector6.o)
                              c:/program files (x86)/microchip/xc32/v1.40/bin/bin/../../lib/gcc/pic32mx/4.8.3/../../../../pic32mx/lib/./proc/32MX795F512L\default_isr_vectors.o (__vector_dispatch_6)
c:/program files (x86)/microchip/xc32/v1.40/bin/bin/../../lib/gcc/pic32mx/4.8.3/../../../../pic32mx/lib\libpic32.a(vector7.o)
                              c:/program files (x86)/microchip/xc32/v1.40/bin/bin/../../lib/gcc/pic32mx/4.8.3/../../../../pic32mx/lib/./proc/32MX795F512L\default_isr_vectors.o (__vector_dispatch_7)
c:/program files (x86)/microchip/xc32/v1.40/bin/bin/../../lib/gcc/pic32mx/4.8.3/../../../../pic32mx/lib\libpic32.a(vector8.o)
                              c:/program files (x86)/microchip/xc32/v1.40/bin/bin/../../lib/gcc/pic32mx/4.8.3/../../../../pic32mx/lib/./proc/32MX795F512L\default_isr_vectors.o (__vector_dispatch_8)
c:/program files (x86)/microchip/xc32/v1.40/bin/bin/../../lib/gcc/pic32mx/4.8.3/../../../../pic32mx/lib\libpic32.a(vector9.o)
                              c:/program files (x86)/microchip/xc32/v1.40/bin/bin/../../lib/gcc/pic32mx/4.8.3/../../../../pic32mx/lib/./proc/32MX795F512L\default_isr_vectors.o (__vector_dispatch_9)
c:/program files (x86)/microchip/xc32/v1.40/bin/bin/../../lib/gcc/pic32mx/4.8.3/../../../../pic32mx/lib\libpic32.a(vector10.o)
[...]
Memory Configuration

Name             Origin             Length             Attributes
kseg0_program_mem 0x9d000000         0x00080000         xr
kseg0_boot_mem   0x9fc00490         0x00000970
exception_mem    0x9fc01000         0x00001000
kseg1_boot_mem   0xbfc00000         0x00000490
debug_exec_mem   0xbfc02000         0x00000ff0
config3          0xbfc02ff0         0x00000004
config2          0xbfc02ff4         0x00000004
config1          0xbfc02ff8         0x00000004
config0          0xbfc02ffc         0x00000004
kseg1_data_mem   0xa0000000         0x00020000         w !x
sfrs             0xbf800000         0x00100000
configsfrs       0xbfc02ff0         0x00000010
*default*        0x00000000         0xffffffff

Linker script and memory map

LOAD c:/program files (x86)/microchip/xc32/v1.40/bin/bin/../../lib/gcc/pic32mx/4.8.3/../../../../pic32mx/lib/./proc/32MX795F512L/crt0_mips32r2.o
LOAD c:/program files (x86)/microchip/xc32/v1.40/bin/bin/../../lib/gcc/pic32mx/4.8.3/../../../../pic32mx/lib\debug-exception-return.o
LOAD build/default/production/_ext/1360937237/main.o
LOAD build/default/production/_ext/1360937237/USART.o
LOAD build/default/production/_ext/1360937237/CONTROL.o
LOAD build/default/production/_ext/1360937237/OLED.o
LOAD build/default/production/_ext/1360937237/ROVER.o
LOAD build/default/production/_ext/1360937237/SENSOR.o
LOAD build/default/production/_ext/1360937237/DEBUG.o
LOAD build/default/production/_ext/1447027265/drv_usart.o
LOAD build/default/production/_ext/1447027265/drv_usart_buffer_queue.o
LOAD build/default/production/_ext/1447027265/drv_usart_read_write.o
LOAD build/default/production/_ext/558795198/osal_freertos.o
LOAD build/default/production/_ext/1858366876/sys_devcon.o
LOAD build/default/production/_ext/1858366876/sys_devcon_pic32mx.o
LOAD build/default/production/_ext/1179745986/sys_int_pic32.o
LOAD build/default/production/_ext/2038484453/sys_ports.o
LOAD build/default/production/_ext/1425699677/croutine.o
LOAD build/default/production/_ext/1425699677/list.o
LOAD build/default/production/_ext/1425699677/queue.o
LOAD build/default/production/_ext/1425699677/tasks.o
LOAD build/default/production/_ext/1425699677/timers.o
LOAD build/default/production/_ext/1425699677/event_groups.o
LOAD build/default/production/_ext/856445280/heap_1.o
LOAD build/default/production/_ext/1570369997/port.o
LOAD build/default/production/_ext/1570369997/port_asm.o
LOAD build/default/production/_ext/1361460060/drv_adc_static.o
LOAD build/default/production/_ext/639803181/sys_clk_static.o
LOAD build/default/production/_ext/822048611/sys_ports_static.o
LOAD build/default/production/_ext/1688732426/system_init.o
LOAD build/default/production/_ext/1688732426/system_interrupt.o
LOAD build/default/production/_ext/1688732426/system_exceptions.o
LOAD build/default/production/_ext/1688732426/system_tasks.o
LOAD build/default/production/_ext/1688732426/system_interrupt_a.o
LOAD build/default/production/_ext/1688732426/rtos_hooks.o
LOAD ..\..\..\..\..\..\..\..\microchip\harmony\v1_06\bin\framework\peripheral\PIC32MX795F512L_peripherals.a
                0x00000001                __MPLAB_BUILD = 0x1
                0x00000000                _min_heap_size = 0x0
LOAD c:/program files (x86)/microchip/xc32/v1.40/bin/bin/../../lib/gcc/pic32mx/4.8.3/../../../../pic32mx/lib/./proc/32MX795F512L\default_isr_vectors.o
LOAD c:/program files (x86)/microchip/xc32/v1.40/bin/bin/../../lib/gcc/pic32mx/4.8.3/../../../../pic32mx/lib\pic32_software_reset.o
                0x00000400                PROVIDE (_min_stack_size, 0x400)
LOAD c:/program files (x86)/microchip/xc32/v1.40/bin/bin/../../lib/gcc/pic32mx/4.8.3/../../../../pic32mx/lib/./proc/32MX795F512L\processor.o
START GROUP
LOAD libmchp_peripheral.a
END GROUP
START GROUP
LOAD libmchp_peripheral_32MX795F512L.a
END GROUP
                0x00000001                PROVIDE (_vector_spacing, 0x1)
                0x9fc01000                _ebase_address = 0x9fc01000
                0xbfc00000                _RESET_ADDR = 0xbfc00000
                0xbfc00380                _BEV_EXCPT_ADDR = 0xbfc00380
                0xbfc00480                _DBG_EXCPT_ADDR = 0xbfc00480
                0xbfc02000                _DBG_CODE_ADDR = 0xbfc02000
                0x00000ff0                _DBG_CODE_SIZE = 0xff0
                0x9fc01180                _GEN_EXCPT_ADDR = (_ebase_address + 0x180)

.config_BFC02FF0
                0xbfc02ff0        0x4
 *(.config_BFC02FF0)
 .config_BFC02FF0
                0xbfc02ff0        0x4 build/default/production/_ext/1688732426/system_init.o

.config_BFC02FF4
                0xbfc02ff4        0x4
 *(.config_BFC02FF4)
 .config_BFC02FF4
                0xbfc02ff4        0x4 build/default/production/_ext/1688732426/system_init.o

.config_BFC02FF8
                0xbfc02ff8        0x4
 *(.config_BFC02FF8)
 .config_BFC02FF8
                0xbfc02ff8        0x4 build/default/production/_ext/1688732426/system_init.o

.config_BFC02FFC
                0xbfc02ffc        0x4
 *(.config_BFC02FFC)
 .config_BFC02FFC
                0xbfc02ffc        0x4 build/default/production/_ext/1688732426/system_init.o
                0xbfc02000                PROVIDE (_DBG_CODE_ADDR, 0xbfc02000)
                0x00000ff0                PROVIDE (_DBG_CODE_SIZE, 0xff0)

.reset          0xbfc00000      0x1f4
 *(.reset)
 .reset         0xbfc00000        0x8 c:/program files (x86)/microchip/xc32/v1.40/bin/bin/../../lib/gcc/pic32mx/4.8.3/../../../../pic32mx/lib/./proc/32MX795F512L/crt0_mips32r2.o
                0xbfc00000                _reset
 *(.reset.startup)
 .reset.startup
                0xbfc00008      0x1ec c:/program files (x86)/microchip/xc32/v1.40/bin/bin/../../lib/gcc/pic32mx/4.8.3/../../../../pic32mx/lib/./proc/32MX795F512L/crt0_mips32r2.o

.bev_excpt      0xbfc00380       0x10
 *(.bev_handler)
 .bev_handler   0xbfc00380       0x10 c:/program files (x86)/microchip/xc32/v1.40/bin/bin/../../lib/gcc/pic32mx/4.8.3/../../../../pic32mx/lib/./proc/32MX795F512L/crt0_mips32r2.o

.dbg_excpt      0xbfc00480        0x0
                0xbfc00480                . = (. + DEFINED (_DEBUGGER)?0x8:0x0)

.dbg_code       0xbfc02000        0x0
                0xbfc02000                . = (. + DEFINED (_DEBUGGER)?_DBG_CODE_SIZE:0x0)

.app_excpt      0x9fc01180       0x10
 *(.gen_handler)
 .gen_handler   0x9fc01180       0x10 c:/program files (x86)/microchip/xc32/v1.40/bin/bin/../../lib/gcc/pic32mx/4.8.3/../../../../pic32mx/lib/./proc/32MX795F512L/crt0_mips32r2.o

.vector_0       0x9fc01200        0x8
 *(.vector_0)
 .vector_0      0x9fc01200        0x8 c:/program files (x86)/microchip/xc32/v1.40/bin/bin/../../lib/gcc/pic32mx/4.8.3/../../../../pic32mx/lib\libpic32.a(vector0.o)
                0x9fc01200                __vector_dispatch_0
                0x00000001                ASSERT (((_vector_spacing == 0x0) || (SIZEOF (.vector_0) <= (_vector_spacing << 0x5))), function at exception vector 0 too large)

.vector_1       0x9fc01220        0x8
 *(.vector_1)
 .vector_1      0x9fc01220        0x8 build/default/production/_ext/1570369997/port.o
                0x9fc01220                __vector_dispatch_1
                0x00000001                ASSERT (((_vector_spacing == 0x0) || (SIZEOF (.vector_1) <= (_vector_spacing << 0x5))), function at exception vector 1 too large)

.vector_2       0x9fc01240        0x8
 *(.vector_2)
 .vector_2      0x9fc01240        0x8 c:/program files (x86)/microchip/xc32/v1.40/bin/bin/../../lib/gcc/pic32mx/4.8.3/../../../../pic32mx/lib\libpic32.a(vector2.o)
                0x9fc01240                __vector_dispatch_2
                0x00000001                ASSERT (((_vector_spacing == 0x0) || (SIZEOF (.vector_2) <= (_vector_spacing << 0x5))), function at exception vector 2 too large)

.vector_3       0x9fc01260        0x8
 *(.vector_3)
 .vector_3      0x9fc01260        0x8 c:/program files (x86)/microchip/xc32/v1.40/bin/bin/../../lib/gcc/pic32mx/4.8.3/../../../../pic32mx/lib\libpic32.a(vector3.o)
                0x9fc01260                __vector_dispatch_3
                0x00000001                ASSERT (((_vector_spacing == 0x0) || (SIZEOF (.vector_3) <= (_vector_spacing << 0x5))), function at exception vector 3 too large)

.vector_4       0x9fc01280        0x8
 *(.vector_4)
 .vector_4      0x9fc01280        0x8 build/default/production/_ext/1570369997/port.o
                0x9fc01280                __vector_dispatch_4
                0x00000001                ASSERT (((_vector_spacing == 0x0) || (SIZEOF (.vector_4) <= (_vector_spacing << 0x5))), function at exception vector 4 too large)

.vector_5       0x9fc012a0        0x8
 *(.vector_5)
 .vector_5      0x9fc012a0        0x8 c:/program files (x86)/microchip/xc32/v1.40/bin/bin/../../lib/gcc/pic32mx/4.8.3/../../../../pic32mx/lib\libpic32.a(vector5.o)
                0x9fc012a0                __vector_dispatch_5
                0x00000001                ASSERT (((_vector_spacing == 0x0) || (SIZEOF (.vector_5) <= (_vector_spacing << 0x5))), function at exception vector 5 too large)

.vector_6       0x9fc012c0        0x8
 *(.vector_6)
 .vector_6      0x9fc012c0        0x8 c:/program files (x86)/microchip/xc32/v1.40/bin/bin/../../lib/gcc/pic32mx/4.8.3/../../../../pic32mx/lib\libpic32.a(vector6.o)
                0x9fc012c0                __vector_dispatch_6
                0x00000001                ASSERT (((_vector_spacing == 0x0) || (SIZEOF (.vector_6) <= (_vector_spacing << 0x5))), function at exception vector 6 too large)

.vector_7       0x9fc012e0        0x8
 *(.vector_7)
 .vector_7      0x9fc012e0        0x8 c:/program files (x86)/microchip/xc32/v1.40/bin/bin/../../lib/gcc/pic32mx/4.8.3/../../../../pic32mx/lib\libpic32.a(vector7.o)
                0x9fc012e0                __vector_dispatch_7
                0x00000001                ASSERT (((_vector_spacing == 0x0) || (SIZEOF (.vector_7) <= (_vector_spacing << 0x5))), function at exception vector 7 too large)

.vector_8       0x9fc01300        0x8
 *(.vector_8)
 .vector_8      0x9fc01300        0x8 c:/program files (x86)/microchip/xc32/v1.40/bin/bin/../../lib/gcc/pic32mx/4.8.3/../../../../pic32mx/lib\libpic32.a(vector8.o)
                0x9fc01300                __vector_dispatch_8
                0x00000001                ASSERT (((_vector_spacing == 0x0) || (SIZEOF (.vector_8) <= (_vector_spacing << 0x5))), function at exception vector 8 too large)

.vector_9       0x9fc01320        0x8
 *(.vector_9)
 .vector_9      0x9fc01320        0x8 c:/program files (x86)/microchip/xc32/v1.40/bin/bin/../../lib/gcc/pic32mx/4.8.3/../../../../pic32mx/lib\libpic32.a(vector9.o)
                0x9fc01320                __vector_dispatch_9
                0x00000001                ASSERT (((_vector_spacing == 0x0) || (SIZEOF (.vector_9) <= (_vector_spacing << 0x5))), function at exception vector 9 too large)

.vector_10      0x9fc01340        0x8
 *(.vector_10)
 .vector_10     0x9fc01340        0x8 c:/program files (x86)/microchip/xc32/v1.40/bin/bin/../../lib/gcc/pic32mx/4.8.3/../../../../pic32mx/lib\libpic32.a(vector10.o)
                0x9fc01340                __vector_dispatch_10
                0x00000001                ASSERT (((_vector_spacing == 0x0) || (SIZEOF (.vector_10) <= (_vector_spacing << 0x5))), function at exception vector 10 too large)

.vector_11      0x9fc01360        0x8
 *(.vector_11)
 .vector_11     0x9fc01360        0x8 c:/program files (x86)/microchip/xc32/v1.40/bin/bin/../../lib/gcc/pic32mx/4.8.3/../../../../pic32mx/lib\libpic32.a(vector11.o)
                0x9fc01360                __vector_dispatch_11
                0x00000001                ASSERT (((_vector_spacing == 0x0) || (SIZEOF (.vector_11) <= (_vector_spacing << 0x5))), function at exception vector 11 too large)

.vector_12      0x9fc01380        0x8
 *(.vector_12)
 .vector_12     0x9fc01380        0x8 c:/program files (x86)/microchip/xc32/v1.40/bin/bin/../../lib/gcc/pic32mx/4.8.3/../../../../pic32mx/lib\libpic32.a(vector12.o)
                0x9fc01380                __vector_dispatch_12
                0x00000001                ASSERT (((_vector_spacing == 0x0) || (SIZEOF (.vector_12) <= (_vector_spacing << 0x5))), function at exception vector 12 too large)

.vector_13      0x9fc013a0        0x8
 *(.vector_13)
 .vector_13     0x9fc013a0        0x8 c:/program files (x86)/microchip/xc32/v1.40/bin/bin/../../lib/gcc/pic32mx/4.8.3/../../../../pic32mx/lib\libpic32.a(vector13.o)
                0x9fc013a0                __vector_dispatch_13
                0x00000001                ASSERT (((_vector_spacing == 0x0) || (SIZEOF (.vector_13) <= (_vector_spacing << 0x5))), function at exception vector 13 too large)

.vector_14      0x9fc013c0        0x8
 *(.vector_14)
 .vector_14     0x9fc013c0        0x8 c:/program files (x86)/microchip/xc32/v1.40/bin/bin/../../lib/gcc/pic32mx/4.8.3/../../../../pic32mx/lib\libpic32.a(vector14.o)
                0x9fc013c0                __vector_dispatch_14
                0x00000001                ASSERT (((_vector_spacing == 0x0) || (SIZEOF (.vector_14) <= (_vector_spacing << 0x5))), function at exception vector 14 too large)

.vector_15      0x9fc013e0        0x8
 *(.vector_15)
 .vector_15     0x9fc013e0        0x8 c:/program files (x86)/microchip/xc32/v1.40/bin/bin/../../lib/gcc/pic32mx/4.8.3/../../../../pic32mx/lib\libpic32.a(vector15.o)
                0x9fc013e0                __vector_dispatch_15
                0x00000001                ASSERT (((_vector_spacing == 0x0) || (SIZEOF (.vector_15) <= (_vector_spacing << 0x5))), function at exception vector 15 too large)

.vector_16      0x9fc01400        0x8
 *(.vector_16)
 .vector_16     0x9fc01400        0x8 c:/program files (x86)/microchip/xc32/v1.40/bin/bin/../../lib/gcc/pic32mx/4.8.3/../../../../pic32mx/lib\libpic32.a(vector16.o)
                0x9fc01400                __vector_dispatch_16
                0x00000001                ASSERT (((_vector_spacing == 0x0) || (SIZEOF (.vector_16) <= (_vector_spacing << 0x5))), function at exception vector 16 too large)

.vector_17      0x9fc01420        0x8
 *(.vector_17)
 .vector_17     0x9fc01420        0x8 c:/program files (x86)/microchip/xc32/v1.40/bin/bin/../../lib/gcc/pic32mx/4.8.3/../../../../pic32mx/lib\libpic32.a(vector17.o)
                0x9fc01420                __vector_dispatch_17
                0x00000001                ASSERT (((_vector_spacing == 0x0) || (SIZEOF (.vector_17) <= (_vector_spacing << 0x5))), function at exception vector 17 too large)

.vector_18      0x9fc01440        0x8
 *(.vector_18)
 .vector_18     0x9fc01440        0x8 c:/program files (x86)/microchip/xc32/v1.40/bin/bin/../../lib/gcc/pic32mx/4.8.3/../../../../pic32mx/lib\libpic32.a(vector18.o)
                0x9fc01440                __vector_dispatch_18
                0x00000001                ASSERT (((_vector_spacing == 0x0) || (SIZEOF (.vector_18) <= (_vector_spacing << 0x5))), function at exception vector 18 too large)

.vector_19      0x9fc01460        0x8
 *(.vector_19)
 .vector_19     0x9fc01460        0x8 c:/program files (x86)/microchip/xc32/v1.40/bin/bin/../../lib/gcc/pic32mx/4.8.3/../../../../pic32mx/lib\libpic32.a(vector19.o)
                0x9fc01460                __vector_dispatch_19
                0x00000001                ASSERT (((_vector_spacing == 0x0) || (SIZEOF (.vector_19) <= (_vector_spacing << 0x5))), function at exception vector 19 too large)

.vector_20      0x9fc01480        0x8
 *(.vector_20)
 .vector_20     0x9fc01480        0x8 c:/program files (x86)/microchip/xc32/v1.40/bin/bin/../../lib/gcc/pic32mx/4.8.3/../../../../pic32mx/lib\libpic32.a(vector20.o)
                0x9fc01480                __vector_dispatch_20
                0x00000001                ASSERT (((_vector_spacing == 0x0) || (SIZEOF (.vector_20) <= (_vector_spacing << 0x5))), function at exception vector 20 too large)

.vector_21      0x9fc014a0        0x8
 *(.vector_21)
 .vector_21     0x9fc014a0        0x8 c:/program files (x86)/microchip/xc32/v1.40/bin/bin/../../lib/gcc/pic32mx/4.8.3/../../../../pic32mx/lib\libpic32.a(vector21.o)
                0x9fc014a0                __vector_dispatch_21
                0x00000001                ASSERT (((_vector_spacing == 0x0) || (SIZEOF (.vector_21) <= (_vector_spacing << 0x5))), function at exception vector 21 too large)

.vector_22      0x9fc014c0        0x8
 *(.vector_22)
 .vector_22     0x9fc014c0        0x8 c:/program files (x86)/microchip/xc32/v1.40/bin/bin/../../lib/gcc/pic32mx/4.8.3/../../../../pic32mx/lib\libpic32.a(vector22.o)
                0x9fc014c0                __vector_dispatch_22
                0x00000001                ASSERT (((_vector_spacing == 0x0) || (SIZEOF (.vector_22) <= (_vector_spacing << 0x5))), function at exception vector 22 too large)

.vector_23      0x9fc014e0        0x8
 *(.vector_23)
 .vector_23     0x9fc014e0        0x8 c:/program files (x86)/microchip/xc32/v1.40/bin/bin/../../lib/gcc/pic32mx/4.8.3/../../../../pic32mx/lib\libpic32.a(vector23.o)
                0x9fc014e0                __vector_dispatch_23
                0x00000001                ASSERT (((_vector_spacing == 0x0) || (SIZEOF (.vector_23) <= (_vector_spacing << 0x5))), function at exception vector 23 too large)

.vector_24      0x9fc01500       0x10
 *(.vector_24)
 .vector_24     0x9fc01500       0x10 build/default/production/_ext/1688732426/system_interrupt_a.o
                0x9fc01500                __vector_dispatch_24
                0x00000001                ASSERT (((_vector_spacing == 0x0) || (SIZEOF (.vector_24) <= (_vector_spacing << 0x5))), function at exception vector 24 too large)

.vector_25      0x9fc01520        0x8
 *(.vector_25)
 .vector_25     0x9fc01520        0x8 c:/program files (x86)/microchip/xc32/v1.40/bin/bin/../../lib/gcc/pic32mx/4.8.3/../../../../pic32mx/lib\libpic32.a(vector25.o)
                0x9fc01520                __vector_dispatch_25
                0x00000001                ASSERT (((_vector_spacing == 0x0) || (SIZEOF (.vector_25) <= (_vector_spacing << 0x5))), function at exception vector 25 too large)

.vector_26      0x9fc01540        0x8
 *(.vector_26)
 .vector_26     0x9fc01540        0x8 c:/program files (x86)/microchip/xc32/v1.40/bin/bin/../../lib/gcc/pic32mx/4.8.3/../../../../pic32mx/lib\libpic32.a(vector26.o)
                0x9fc01540                __vector_dispatch_26
                0x00000001                ASSERT (((_vector_spacing == 0x0) || (SIZEOF (.vector_26) <= (_vector_spacing << 0x5))), function at exception vector 26 too large)

.vector_27      0x9fc01560       0x10
 *(.vector_27)
 .vector_27     0x9fc01560       0x10 build/default/production/_ext/1688732426/system_interrupt_a.o
                0x9fc01560                __vector_dispatch_27
                0x00000001                ASSERT (((_vector_spacing == 0x0) || (SIZEOF (.vector_27) <= (_vector_spacing << 0x5))), function at exception vector 27 too large)

.vector_28      0x9fc01580        0x8
 *(.vector_28)
 .vector_28     0x9fc01580        0x8 c:/program files (x86)/microchip/xc32/v1.40/bin/bin/../../lib/gcc/pic32mx/4.8.3/../../../../pic32mx/lib\libpic32.a(vector28.o)
                0x9fc01580                __vector_dispatch_28
                0x00000001                ASSERT (((_vector_spacing == 0x0) || (SIZEOF (.vector_28) <= (_vector_spacing << 0x5))), function at exception vector 28 too large)

.vector_29      0x9fc015a0        0x8
 *(.vector_29)
 .vector_29     0x9fc015a0        0x8 c:/program files (x86)/microchip/xc32/v1.40/bin/bin/../../lib/gcc/pic32mx/4.8.3/../../../../pic32mx/lib\libpic32.a(vector29.o)
                0x9fc015a0                __vector_dispatch_29
                0x00000001                ASSERT (((_vector_spacing == 0x0) || (SIZEOF (.vector_29) <= (_vector_spacing << 0x5))), function at exception vector 29 too large)

.vector_30      0x9fc015c0        0x8
 *(.vector_30)
 .vector_30     0x9fc015c0        0x8 c:/program files (x86)/microchip/xc32/v1.40/bin/bin/../../lib/gcc/pic32mx/4.8.3/../../../../pic32mx/lib\libpic32.a(vector30.o)
                0x9fc015c0                __vector_dispatch_30
                0x00000001                ASSERT (((_vector_spacing == 0x0) || (SIZEOF (.vector_30) <= (_vector_spacing << 0x5))), function at exception vector 30 too large)

.vector_31      0x9fc015e0        0x8
 *(.vector_31)
 .vector_31     0x9fc015e0        0x8 c:/program files (x86)/microchip/xc32/v1.40/bin/bin/../../lib/gcc/pic32mx/4.8.3/../../../../pic32mx/lib\libpic32.a(vector31.o)
                0x9fc015e0                __vector_dispatch_31
                0x00000001                ASSERT (((_vector_spacing == 0x0) || (SIZEOF (.vector_31) <= (_vector_spacing << 0x5))), function at exception vector 31 too large)

.vector_32      0x9fc01600        0x8
 *(.vector_32)
 .vector_32     0x9fc01600        0x8 c:/program files (x86)/microchip/xc32/v1.40/bin/bin/../../lib/gcc/pic32mx/4.8.3/../../../../pic32mx/lib\libpic32.a(vector32.o)
                0x9fc01600                __vector_dispatch_32
                0x00000001                ASSERT (((_vector_spacing == 0x0) || (SIZEOF (.vector_32) <= (_vector_spacing << 0x5))), function at exception vector 32 too large)

.vector_33      0x9fc01620        0x8
 *(.vector_33)
 .vector_33     0x9fc01620        0x8 c:/program files (x86)/microchip/xc32/v1.40/bin/bin/../../lib/gcc/pic32mx/4.8.3/../../../../pic32mx/lib\libpic32.a(vector33.o)
                0x9fc01620                __vector_dispatch_33
                0x00000001                ASSERT (((_vector_spacing == 0x0) || (SIZEOF (.vector_33) <= (_vector_spacing << 0x5))), function at exception vector 33 too large)

.vector_34      0x9fc01640        0x8
 *(.vector_34)
 .vector_34     0x9fc01640        0x8 c:/program files (x86)/microchip/xc32/v1.40/bin/bin/../../lib/gcc/pic32mx/4.8.3/../../../../pic32mx/lib\libpic32.a(vector34.o)
                0x9fc01640                __vector_dispatch_34
                0x00000001                ASSERT (((_vector_spacing == 0x0) || (SIZEOF (.vector_34) <= (_vector_spacing << 0x5))), function at exception vector 34 too large)

.vector_35      0x9fc01660        0x8
 *(.vector_35)
 .vector_35     0x9fc01660        0x8 c:/program files (x86)/microchip/xc32/v1.40/bin/bin/../../lib/gcc/pic32mx/4.8.3/../../../../pic32mx/lib\libpic32.a(vector35.o)
                0x9fc01660                __vector_dispatch_35
                0x00000001                ASSERT (((_vector_spacing == 0x0) || (SIZEOF (.vector_35) <= (_vector_spacing << 0x5))), function at exception vector 35 too large)

.vector_36      0x9fc01680        0x8
 *(.vector_36)
 .vector_36     0x9fc01680        0x8 c:/program files (x86)/microchip/xc32/v1.40/bin/bin/../../lib/gcc/pic32mx/4.8.3/../../../../pic32mx/lib\libpic32.a(vector36.o)
                0x9fc01680                __vector_dispatch_36
                0x00000001                ASSERT (((_vector_spacing == 0x0) || (SIZEOF (.vector_36) <= (_vector_spacing << 0x5))), function at exception vector 36 too large)

.vector_37      0x9fc016a0        0x8
 *(.vector_37)
 .vector_37     0x9fc016a0        0x8 c:/program files (x86)/microchip/xc32/v1.40/bin/bin/../../lib/gcc/pic32mx/4.8.3/../../../../pic32mx/lib\libpic32.a(vector37.o)
                0x9fc016a0                __vector_dispatch_37
                0x00000001                ASSERT (((_vector_spacing == 0x0) || (SIZEOF (.vector_37) <= (_vector_spacing << 0x5))), function at exception vector 37 too large)

.vector_38      0x9fc016c0        0x8
 *(.vector_38)
 .vector_38     0x9fc016c0        0x8 c:/program files (x86)/microchip/xc32/v1.40/bin/bin/../../lib/gcc/pic32mx/4.8.3/../../../../pic32mx/lib\libpic32.a(vector38.o)
                0x9fc016c0                __vector_dispatch_38
                0x00000001                ASSERT (((_vector_spacing == 0x0) || (SIZEOF (.vector_38) <= (_vector_spacing << 0x5))), function at exception vector 38 too large)

.vector_39      0x9fc016e0        0x8
 *(.vector_39)
 .vector_39     0x9fc016e0        0x8 c:/program files (x86)/microchip/xc32/v1.40/bin/bin/../../lib/gcc/pic32mx/4.8.3/../../../../pic32mx/lib\libpic32.a(vector39.o)
                0x9fc016e0                __vector_dispatch_39
                0x00000001                ASSERT (((_vector_spacing == 0x0) || (SIZEOF (.vector_39) <= (_vector_spacing << 0x5))), function at exception vector 39 too large)

.vector_40      0x9fc01700        0x8
 *(.vector_40)
 .vector_40     0x9fc01700        0x8 c:/program files (x86)/microchip/xc32/v1.40/bin/bin/../../lib/gcc/pic32mx/4.8.3/../../../../pic32mx/lib\libpic32.a(vector40.o)
                0x9fc01700                __vector_dispatch_40
                0x00000001                ASSERT (((_vector_spacing == 0x0) || (SIZEOF (.vector_40) <= (_vector_spacing << 0x5))), function at exception vector 40 too large)

.vector_41      0x9fc01720        0x8
 *(.vector_41)
 .vector_41     0x9fc01720        0x8 c:/program files (x86)/microchip/xc32/v1.40/bin/bin/../../lib/gcc/pic32mx/4.8.3/../../../../pic32mx/lib\libpic32.a(vector41.o)
                0x9fc01720                __vector_dispatch_41
                0x00000001                ASSERT (((_vector_spacing == 0x0) || (SIZEOF (.vector_41) <= (_vector_spacing << 0x5))), function at exception vector 41 too large)

.vector_42      0x9fc01740        0x8
 *(.vector_42)
 .vector_42     0x9fc01740        0x8 c:/program files (x86)/microchip/xc32/v1.40/bin/bin/../../lib/gcc/pic32mx/4.8.3/../../../../pic32mx/lib\libpic32.a(vector42.o)
                0x9fc01740                __vector_dispatch_42
                0x00000001                ASSERT (((_vector_spacing == 0x0) || (SIZEOF (.vector_42) <= (_vector_spacing << 0x5))), function at exception vector 42 too large)

.vector_43      0x9fc01760        0x8
 *(.vector_43)
 .vector_43     0x9fc01760        0x8 c:/program files (x86)/microchip/xc32/v1.40/bin/bin/../../lib/gcc/pic32mx/4.8.3/../../../../pic32mx/lib\libpic32.a(vector43.o)
                0x9fc01760                __vector_dispatch_43
                0x00000001                ASSERT (((_vector_spacing == 0x0) || (SIZEOF (.vector_43) <= (_vector_spacing << 0x5))), function at exception vector 43 too large)

.vector_44      0x9fc01780        0x8
 *(.vector_44)
 .vector_44     0x9fc01780        0x8 c:/program files (x86)/microchip/xc32/v1.40/bin/bin/../../lib/gcc/pic32mx/4.8.3/../../../../pic32mx/lib\libpic32.a(vector44.o)
                0x9fc01780                __vector_dispatch_44
                0x00000001                ASSERT (((_vector_spacing == 0x0) || (SIZEOF (.vector_44) <= (_vector_spacing << 0x5))), function at exception vector 44 too large)

.vector_45      0x9fc017a0        0x8
 *(.vector_45)
 .vector_45     0x9fc017a0        0x8 c:/program files (x86)/microchip/xc32/v1.40/bin/bin/../../lib/gcc/pic32mx/4.8.3/../../../../pic32mx/lib\libpic32.a(vector45.o)
                0x9fc017a0                __vector_dispatch_45
                0x00000001                ASSERT (((_vector_spacing == 0x0) || (SIZEOF (.vector_45) <= (_vector_spacing << 0x5))), function at exception vector 45 too large)

.vector_46      0x9fc017c0        0x8
 *(.vector_46)
 .vector_46     0x9fc017c0        0x8 c:/program files (x86)/microchip/xc32/v1.40/bin/bin/../../lib/gcc/pic32mx/4.8.3/../../../../pic32mx/lib\libpic32.a(vector46.o)
                0x9fc017c0                __vector_dispatch_46
                0x00000001                ASSERT (((_vector_spacing == 0x0) || (SIZEOF (.vector_46) <= (_vector_spacing << 0x5))), function at exception vector 46 too large)

.vector_47      0x9fc017e0        0x8
 *(.vector_47)
 .vector_47     0x9fc017e0        0x8 c:/program files (x86)/microchip/xc32/v1.40/bin/bin/../../lib/gcc/pic32mx/4.8.3/../../../../pic32mx/lib\libpic32.a(vector47.o)
                0x9fc017e0                __vector_dispatch_47
                0x00000001                ASSERT (((_vector_spacing == 0x0) || (SIZEOF (.vector_47) <= (_vector_spacing << 0x5))), function at exception vector 47 too large)

.vector_48      0x9fc01800        0x8
 *(.vector_48)
 .vector_48     0x9fc01800        0x8 c:/program files (x86)/microchip/xc32/v1.40/bin/bin/../../lib/gcc/pic32mx/4.8.3/../../../../pic32mx/lib\libpic32.a(vector48.o)
                0x9fc01800                __vector_dispatch_48
                0x00000001                ASSERT (((_vector_spacing == 0x0) || (SIZEOF (.vector_48) <= (_vector_spacing << 0x5))), function at exception vector 48 too large)

.vector_49      0x9fc01820        0x8
 *(.vector_49)
 .vector_49     0x9fc01820        0x8 c:/program files (x86)/microchip/xc32/v1.40/bin/bin/../../lib/gcc/pic32mx/4.8.3/../../../../pic32mx/lib\libpic32.a(vector49.o)
                0x9fc01820                __vector_dispatch_49
                0x00000001                ASSERT (((_vector_spacing == 0x0) || (SIZEOF (.vector_49) <= (_vector_spacing << 0x5))), function at exception vector 49 too large)

.vector_50      0x9fc01840        0x8
 *(.vector_50)
 .vector_50     0x9fc01840        0x8 c:/program files (x86)/microchip/xc32/v1.40/bin/bin/../../lib/gcc/pic32mx/4.8.3/../../../../pic32mx/lib\libpic32.a(vector50.o)
                0x9fc01840                __vector_dispatch_50
                0x00000001                ASSERT (((_vector_spacing == 0x0) || (SIZEOF (.vector_50) <= (_vector_spacing << 0x5))), function at exception vector 50 too large)

.vector_51      0x9fc01860        0x8
 *(.vector_51)
 .vector_51     0x9fc01860        0x8 c:/program files (x86)/microchip/xc32/v1.40/bin/bin/../../lib/gcc/pic32mx/4.8.3/../../../../pic32mx/lib\libpic32.a(vector51.o)
                0x9fc01860                __vector_dispatch_51
                0x00000001                ASSERT (((_vector_spacing == 0x0) || (SIZEOF (.vector_51) <= (_vector_spacing << 0x5))), function at exception vector 51 too large)

.vector_52      0x9fc01880        0x0
 *(.vector_52)
                0x00000001                ASSERT (((_vector_spacing == 0x0) || (SIZEOF (.vector_52) <= (_vector_spacing << 0x5))), function at exception vector 52 too large)

.vector_53      0x9fc018a0        0x0
 *(.vector_53)
                0x00000001                ASSERT (((_vector_spacing == 0x0) || (SIZEOF (.vector_53) <= (_vector_spacing << 0x5))), function at exception vector 53 too large)

.vector_54      0x9fc018c0        0x0
 *(.vector_54)
                0x00000001                ASSERT (((_vector_spacing == 0x0) || (SIZEOF (.vector_54) <= (_vector_spacing << 0x5))), function at exception vector 54 too large)

.vector_55      0x9fc018e0        0x0
 *(.vector_55)
                0x00000001                ASSERT (((_vector_spacing == 0x0) || (SIZEOF (.vector_55) <= (_vector_spacing << 0x5))), function at exception vector 55 too large)

.vector_56      0x9fc01900        0x0
 *(.vector_56)
                0x00000001                ASSERT (((_vector_spacing == 0x0) || (SIZEOF (.vector_56) <= (_vector_spacing << 0x5))), function at exception vector 56 too large)

.vector_57      0x9fc01920        0x0
 *(.vector_57)
                0x00000001                ASSERT (((_vector_spacing == 0x0) || (SIZEOF (.vector_57) <= (_vector_spacing << 0x5))), function at exception vector 57 too large)

.vector_58      0x9fc01940        0x0
 *(.vector_58)
                0x00000001                ASSERT (((_vector_spacing == 0x0) || (SIZEOF (.vector_58) <= (_vector_spacing << 0x5))), function at exception vector 58 too large)

.vector_59      0x9fc01960        0x0
 *(.vector_59)
                0x00000001                ASSERT (((_vector_spacing == 0x0) || (SIZEOF (.vector_59) <= (_vector_spacing << 0x5))), function at exception vector 59 too large)

.vector_60      0x9fc01980        0x0
 *(.vector_60)
                0x00000001                ASSERT (((_vector_spacing == 0x0) || (SIZEOF (.vector_60) <= (_vector_spacing << 0x5))), function at exception vector 60 too large)

.vector_61      0x9fc019a0        0x0
 *(.vector_61)
                0x00000001                ASSERT (((_vector_spacing == 0x0) || (SIZEOF (.vector_61) <= (_vector_spacing << 0x5))), function at exception vector 61 too large)

.vector_62      0x9fc019c0        0x0
 *(.vector_62)
                0x00000001                ASSERT (((_vector_spacing == 0x0) || (SIZEOF (.vector_62) <= (_vector_spacing << 0x5))), function at exception vector 62 too large)

.vector_63      0x9fc019e0        0x0
 *(.vector_63)
                0x00000001                ASSERT (((_vector_spacing == 0x0) || (SIZEOF (.vector_63) <= (_vector_spacing << 0x5))), function at exception vector 63 too large)

.startup
 *(.startup)

.text           0x9d000000        0x0
 *(.stub .gnu.linkonce.t.*)
 *(.text.*personality*)
 *(.mips16.fn.*)
 *(.mips16.call.*)
 *(.gnu.warning)
                0x9d000000                . = ALIGN (0x4)

.init           0x9d000000        0x0
 *crti.o(.init)
 *crtbegin.o(.init)
 *(EXCLUDE_FILE(*crtn.o *crtend?.o *crtend.o) .init)
 *crtend.o(.init)
 *crtn.o(.init)
                0x9d000000                . = ALIGN (0x4)

.fini           0x9d000000        0x0
 *(.fini)
                0x9d000000                . = ALIGN (0x4)

.preinit_array  0x9d000000        0x0
                0x9d000000                PROVIDE (__preinit_array_start, .)
 *(.preinit_array)
                0x9d000000                PROVIDE (__preinit_array_end, .)
                0x9d000000                . = ALIGN (0x4)

.init_array     0x9d000000        0x0
                0x9d000000                PROVIDE (__init_array_start, .)
 *(SORT(.init_array.*))
 *(.init_array)
                0x9d000000                PROVIDE (__init_array_end, .)
                0x9d000000                . = ALIGN (0x4)

.fini_array     0x9d000000        0x0
                0x9d000000                PROVIDE (__fini_array_start, .)
 *(SORT(.fini_array.*))
 *(.fini_array)
                0x9d000000                PROVIDE (__fini_array_end, .)
                0x9d000000                . = ALIGN (0x4)

.ctors          0x9d000000        0x0
 *crtbegin.o(.ctors)
 *crtbegin?.o(.ctors)
 *(EXCLUDE_FILE(*crtend?.o *crtend.o) .ctors)
 *(SORT(.ctors.*))
 *(.ctors)
                0x9d000000                . = ALIGN (0x4)

.dtors          0x9d000000        0x0
 *crtbegin.o(.dtors)
 *crtbegin?.o(.dtors)
 *(EXCLUDE_FILE(*crtend?.o *crtend.o) .dtors)
 *(SORT(.dtors.*))
 *(.dtors)
                0x9d000000                . = ALIGN (0x4)

.rodata         0x9d000000        0x0
 *(.gnu.linkonce.r.*)
 *(.rodata1)
                0x9d000000                . = ALIGN (0x4)

.sdata2         0x9fc00490        0x0
 *(.sdata2 .sdata2.* .gnu.linkonce.s2.*)
                0x9fc00490                . = ALIGN (0x4)

.sbss2          0x9fc00490        0x0
 *(.sbss2 .sbss2.* .gnu.linkonce.sb2.*)
                0x9fc00490                . = ALIGN (0x4)

.eh_frame_hdr
 *(.eh_frame_hdr)
                0x9fc00490                . = ALIGN (0x4)

.eh_frame
 *(.eh_frame)
                0x9fc00490                . = ALIGN (0x4)

.gcc_except_table
 *(.gcc_except_table .gcc_except_table.*)
                0x9fc00490                . = ALIGN (0x4)

.dbg_data       0xa0000000        0x0
                0xa0000000                . = (. + DEFINED (_DEBUGGER)?0x200:0x0)

.jcr            0xa0000000        0x0
 *(.jcr)
                0xa0000000                . = ALIGN (0x4)

.eh_frame
 *(.eh_frame)
                0xa0000000                . = ALIGN (0x4)

.gcc_except_table
 *(.gcc_except_table .gcc_except_table.*)
                0xa0000000                . = ALIGN (0x4)

.persist        0xa0000000        0x0
                0xa0000000                _persist_begin = .
 *(.persist .persist.*)
 *(.pbss .pbss.*)
                0xa0000000                . = ALIGN (0x4)
                0xa0000000                _persist_end = .

.data           0xa0000000        0x0
 *(.gnu.linkonce.d.*)
 *(.data1)
                0xa0000000                . = ALIGN (0x4)
                0xa0000000                . = .
                0xa0007ff0                _gp = (ALIGN (0x10) + 0x7ff0)

.got            0xa0000000        0x0
 *(.got.plt)
 *(.got)
                0xa0000000                . = ALIGN (0x4)

.sdata          0xa0000000        0x8
                0xa0000000                _sdata_begin = .
 *(.sdata .sdata.* .gnu.linkonce.s.*)
 .sdata         0xa0000000        0x4 build/default/production/_ext/1425699677/tasks.o
 .sdata         0xa0000004        0x4 build/default/production/_ext/1570369997/port.o
                0xa0000004                uxInterruptNesting
                0xa0000008                . = ALIGN (0x4)
                0xa0000008                _sdata_end = .

.lit8
 *(.lit8)

.lit4
 *(.lit4)
                0xa0000008                . = ALIGN (0x4)
                0xa0000008                _data_end = .
                0xa0000008                _bss_begin = .

.sbss           0xa0000008       0x80
                0xa0000008                _sbss_begin = .
 *(.dynsbss)
 *(.sbss .sbss.* .gnu.linkonce.sb.*)
 .sbss          0xa0000008        0x2 build/default/production/_ext/1447027265/drv_usart_buffer_queue.o
 *fill*         0xa000000a        0x2 
 .sbss          0xa000000c       0x34 build/default/production/_ext/1425699677/tasks.o
                0xa000000c                pxCurrentTCB
 .sbss          0xa0000040       0x10 build/default/production/_ext/1425699677/timers.o
 .sbss          0xa0000050        0x8 build/default/production/_ext/856445280/heap_1.o
 .sbss          0xa0000058        0x4 build/default/production/_ext/1570369997/port.o
                0xa0000058                uxSavedTaskStackPointer
 .sbss          0xa000005c        0xc build/default/production/_ext/1688732426/system_exceptions.o
 *(.scommon)
 .scommon       0xa0000068        0x4 build/default/production/_ext/1360937237/CONTROL.o
                0xa0000068                controlData
 .scommon       0xa000006c        0x4 build/default/production/_ext/1360937237/OLED.o
                0xa000006c                oledData
 .scommon       0xa0000070        0x4 build/default/production/_ext/1360937237/ROVER.o
                0xa0000070                roverData
 .scommon       0xa0000074        0x4 build/default/production/_ext/1360937237/SENSOR.o
                0xa0000074                sensorData
 .scommon       0xa0000078        0x8 build/default/production/_ext/1858366876/sys_devcon.o
                0xa0000078                sysDevconObj
 .scommon       0xa0000080        0x8 build/default/production/_ext/1688732426/system_init.o
                0xa0000080                sysObj
                0xa0000088                _sbss_end = .
                0xa0000088                . = ALIGN (0x4)

.bss            0xa0000088      0xe50
 *(.dynbss)
 *(COMMON)
 COMMON         0xa0000088       0x28 build/default/production/_ext/1360937237/USART.o
                0xa0000088                usartData
 COMMON         0xa00000b0       0xa8 build/default/production/_ext/1447027265/drv_usart.o
                0xa00000b0                gDrvUSARTCommonDataObj
                0xa00000bc                gDrvUSARTClientObj
                0xa0000104                gDrvUSARTObj
 COMMON         0xa0000158      0xd80 build/default/production/_ext/1447027265/drv_usart_buffer_queue.o
                0xa0000158                gDrvUSARTBufferObj
                0xa0000ed8                . = ALIGN ((. != 0x0)?0x4:0x1)
                0xa0000ed8                . = ALIGN (0x4)
                0xa0000ed8                _end = .
                0xa0000ed8                _bss_end = .
                0x00020000                _bmxdudba_address = 0x20000
                0x00020000                _bmxdupba_address = 0x20000

/DISCARD/
 *(.pdr)
 *(.rel.dyn)
 *(.note.GNU-stack)
 *(.note.GNU-stack)
 *(.gnu_debuglink)
 *(.gnu.lto_*)
 *(.discard)

.gptab.sdata
 *(.gptab.data)
 *(.gptab.sdata)

.gptab.sbss
 *(.gptab.bss)
 *(.gptab.sbss)

.mdebug.abi32   0xa0000ed8        0x0
 *(.mdebug.abi32)
 .mdebug.abi32  0xa0000ed8        0x0 build/default/production/_ext/1360937237/main.o
 .mdebug.abi32  0xa0000ed8        0x0 build/default/production/_ext/1360937237/USART.o
 .mdebug.abi32  0xa0000ed8        0x0 build/default/production/_ext/1360937237/CONTROL.o
 .mdebug.abi32  0xa0000ed8        0x0 build/default/production/_ext/1360937237/OLED.o
 .mdebug.abi32  0xa0000ed8        0x0 build/default/production/_ext/1360937237/ROVER.o
 .mdebug.abi32  0xa0000ed8        0x0 build/default/production/_ext/1360937237/SENSOR.o
 .mdebug.abi32  0xa0000ed8        0x0 build/default/production/_ext/1360937237/DEBUG.o
 .mdebug.abi32  0xa0000ed8        0x0 build/default/production/_ext/1447027265/drv_usart.o
 .mdebug.abi32  0xa0000ed8        0x0 build/default/production/_ext/1447027265/drv_usart_buffer_queue.o
 .mdebug.abi32  0xa0000ed8        0x0 build/default/production/_ext/1447027265/drv_usart_read_write.o
 .mdebug.abi32  0xa0000ed8        0x0 build/default/production/_ext/558795198/osal_freertos.o
 .mdebug.abi32  0xa0000ed8        0x0 build/default/production/_ext/1858366876/sys_devcon.o
 .mdebug.abi32  0xa0000ed8        0x0 build/default/production/_ext/1858366876/sys_devcon_pic32mx.o
 .mdebug.abi32  0xa0000ed8        0x0 build/default/production/_ext/1179745986/sys_int_pic32.o
 .mdebug.abi32  0xa0000ed8        0x0 build/default/production/_ext/2038484453/sys_ports.o
 .mdebug.abi32  0xa0000ed8        0x0 build/default/production/_ext/1425699677/croutine.o
 .mdebug.abi32  0xa0000ed8        0x0 build/default/production/_ext/1425699677/list.o
 .mdebug.abi32  0xa0000ed8        0x0 build/default/production/_ext/1425699677/queue.o
 .mdebug.abi32  0xa0000ed8        0x0 build/default/production/_ext/1425699677/tasks.o
 .mdebug.abi32  0xa0000ed8        0x0 build/default/production/_ext/1425699677/timers.o
 .mdebug.abi32  0xa0000ed8        0x0 build/default/production/_ext/1425699677/event_groups.o
 .mdebug.abi32  0xa0000ed8        0x0 build/default/production/_ext/856445280/heap_1.o
 .mdebug.abi32  0xa0000ed8        0x0 build/default/production/_ext/1570369997/port.o
 .mdebug.abi32  0xa0000ed8        0x0 build/default/production/_ext/1361460060/drv_adc_static.o
 .mdebug.abi32  0xa0000ed8        0x0 build/default/production/_ext/639803181/sys_clk_static.o
 .mdebug.abi32  0xa0000ed8        0x0 build/default/production/_ext/822048611/sys_ports_static.o
 .mdebug.abi32  0xa0000ed8        0x0 build/default/production/_ext/1688732426/system_init.o
 .mdebug.abi32  0xa0000ed8        0x0 build/default/production/_ext/1688732426/system_interrupt.o
 .mdebug.abi32  0xa0000ed8        0x0 build/default/production/_ext/1688732426/system_exceptions.o
 .mdebug.abi32  0xa0000ed8        0x0 build/default/production/_ext/1688732426/system_tasks.o
 .mdebug.abi32  0xa0000ed8        0x0 build/default/production/_ext/1688732426/rtos_hooks.o
 .mdebug.abi32  0xa0000ed8        0x0 c:/program files (x86)/microchip/xc32/v1.40/bin/bin/../../lib/gcc/pic32mx/4.8.3/../../../../pic32mx/lib\libpic32.a(default-bootstrap-exception-handler.o)
 .mdebug.abi32  0xa0000ed8        0x0 c:/program files (x86)/microchip/xc32/v1.40/bin/bin/../../lib/gcc/pic32mx/4.8.3/../../../../pic32mx/lib\libpic32.a(default-on-reset.o)
 .mdebug.abi32  0xa0000ed8        0x0 c:/program files (x86)/microchip/xc32/v1.40/bin/bin/../../lib/gcc/pic32mx/4.8.3/../../../../pic32mx/lib\libpic32.a(default-on-bootstrap.o)
 .mdebug.abi32  0xa0000ed8        0x0 c:/program files (x86)/microchip/xc32/v1.40/bin/bin/../../lib/gcc/pic32mx/4.8.3/../../../../pic32mx/lib\libpic32.a(defaultinterrupt.o)

.mdebug.abiN32
 *(.mdebug.abiN32)

.mdebug.abi64
 *(.mdebug.abi64)

.mdebug.abiO64
 *(.mdebug.abiO64)

.mdebug.eabi32
 *(.mdebug.eabi32)

.mdebug.eabi64
 *(.mdebug.eabi64)

.gcc_compiled_long32
 *(.gcc_compiled_long32)

.gcc_compiled_long64
 *(.gcc_compiled_long64)

.stab
 *(.stab)

.stabstr
 *(.stabstr)

.stab.excl
 *(.stab.excl)

.stab.exclstr
 *(.stab.exclstr)

.stab.index
 *(.stab.index)

.stab.indexstr
 *(.stab.indexstr)

.comment        0x00000000       0x6c
 *(.comment)
 .comment       0x00000000       0x3c build/default/production/_ext/1360937237/main.o
                                 0x3d (size before relaxing)
 .comment       0x00000000       0x3d build/default/production/_ext/1360937237/USART.o
 .comment       0x00000000       0x3d build/default/production/_ext/1360937237/CONTROL.o
 .comment       0x00000000       0x3d build/default/production/_ext/1360937237/OLED.o
 .comment       0x00000000       0x3d build/default/production/_ext/1360937237/ROVER.o
 .comment       0x00000000       0x3d build/default/production/_ext/1360937237/SENSOR.o
 .comment       0x00000000       0x3d build/default/production/_ext/1360937237/DEBUG.o
 .comment       0x00000000       0x3d build/default/production/_ext/1447027265/drv_usart.o
 .comment       0x00000000       0x3d build/default/production/_ext/1447027265/drv_usart_buffer_queue.o
 .comment       0x00000000       0x3d build/default/production/_ext/1447027265/drv_usart_read_write.o
 .comment       0x00000000       0x3d build/default/production/_ext/558795198/osal_freertos.o
 .comment       0x00000000       0x3d build/default/production/_ext/1858366876/sys_devcon.o
 .comment       0x00000000       0x3d build/default/production/_ext/1858366876/sys_devcon_pic32mx.o
 .comment       0x00000000       0x3d build/default/production/_ext/1179745986/sys_int_pic32.o
 .comment       0x00000000       0x3d build/default/production/_ext/2038484453/sys_ports.o
 .comment       0x00000000       0x3d build/default/production/_ext/1425699677/croutine.o
 .comment       0x00000000       0x3d build/default/production/_ext/1425699677/list.o
 .comment       0x00000000       0x3d build/default/production/_ext/1425699677/queue.o
 .comment       0x00000000       0x3d build/default/production/_ext/1425699677/tasks.o
 .comment       0x00000000       0x3d build/default/production/_ext/1425699677/timers.o
 .comment       0x00000000       0x3d build/default/production/_ext/1425699677/event_groups.o
 .comment       0x00000000       0x3d build/default/production/_ext/856445280/heap_1.o
 .comment       0x00000000       0x3d build/default/production/_ext/1570369997/port.o
 .comment       0x00000000       0x3d build/default/production/_ext/1361460060/drv_adc_static.o
 .comment       0x00000000       0x3d build/default/production/_ext/639803181/sys_clk_static.o
 .comment       0x00000000       0x3d build/default/production/_ext/822048611/sys_ports_static.o
 .comment       0x00000000       0x3d build/default/production/_ext/1688732426/system_init.o
 .comment       0x00000000       0x3d build/default/production/_ext/1688732426/system_interrupt.o
 .comment       0x00000000       0x3d build/default/production/_ext/1688732426/system_exceptions.o
 .comment       0x00000000       0x3d build/default/production/_ext/1688732426/system_tasks.o
 .comment       0x00000000       0x3d build/default/production/_ext/1688732426/rtos_hooks.o
 .comment       0x0000003c       0x18 c:/program files (x86)/microchip/xc32/v1.40/bin/bin/../../lib/gcc/pic32mx/4.8.3/../../../../pic32mx/lib\libpic32.a(memset.o)
                                 0x19 (size before relaxing)
 .comment       0x00000000       0x3d c:/program files (x86)/microchip/xc32/v1.40/bin/bin/../../lib/gcc/pic32mx/4.8.3/../../../../pic32mx/lib\libpic32.a(default-bootstrap-exception-handler.o)
 .comment       0x00000000       0x3d c:/program files (x86)/microchip/xc32/v1.40/bin/bin/../../lib/gcc/pic32mx/4.8.3/../../../../pic32mx/lib\libpic32.a(default-on-reset.o)
 .comment       0x00000000       0x3d c:/program files (x86)/microchip/xc32/v1.40/bin/bin/../../lib/gcc/pic32mx/4.8.3/../../../../pic32mx/lib\libpic32.a(default-on-bootstrap.o)
 .comment       0x00000054       0x18 c:/program files (x86)/microchip/xc32/v1.40/bin/bin/../../lib/gcc/pic32mx/4.8.3/../../../../pic32mx/lib\libpic32.a(memcmp.o)
                                 0x19 (size before relaxing)
 .comment       0x00000000       0x3d c:/program files (x86)/microchip/xc32/v1.40/bin/bin/../../lib/gcc/pic32mx/4.8.3/../../../../pic32mx/lib\libpic32.a(defaultinterrupt.o)

.debug
 *(.debug)

.line
 *(.line)

.debug_srcinfo
 *(.debug_srcinfo)

.debug_sfnames
 *(.debug_sfnames)

.debug_aranges  0x00000000      0xaf8
 *(.debug_aranges)
 .debug_aranges
                0x00000000       0x20 build/default/production/_ext/1360937237/main.o
 .debug_aranges
                0x00000020       0x38 build/default/production/_ext/1360937237/USART.o
 .debug_aranges
                0x00000058       0x28 build/default/production/_ext/1360937237/CONTROL.o
 .debug_aranges
                0x00000080       0x28 build/default/production/_ext/1360937237/OLED.o
 .debug_aranges
                0x000000a8       0x28 build/default/production/_ext/1360937237/ROVER.o
 .debug_aranges
                0x000000d0       0x28 build/default/production/_ext/1360937237/SENSOR.o
 .debug_aranges
                0x000000f8       0x28 build/default/production/_ext/1360937237/DEBUG.o
 .debug_aranges
                0x00000120       0xa8 build/default/production/_ext/1447027265/drv_usart.o
 .debug_aranges
                0x000001c8       0x38 build/default/production/_ext/1447027265/drv_usart_buffer_queue.o
 .debug_aranges
                0x00000200       0x28 build/default/production/_ext/1447027265/drv_usart_read_write.o
 .debug_aranges
                0x00000228       0x88 build/default/production/_ext/558795198/osal_freertos.o
 .debug_aranges
                0x000002b0       0x78 build/default/production/_ext/1858366876/sys_devcon.o
 .debug_aranges
                0x00000328       0x20 build/default/production/_ext/1858366876/sys_devcon_pic32mx.o
 .debug_aranges
                0x00000348       0x48 build/default/production/_ext/1179745986/sys_int_pic32.o
 .debug_aranges
                0x00000390       0xf8 build/default/production/_ext/2038484453/sys_ports.o
 .debug_aranges
                0x00000488       0x18 build/default/production/_ext/1425699677/croutine.o
 .debug_aranges
                0x000004a0       0x40 build/default/production/_ext/1425699677/list.o
 .debug_aranges
                0x000004e0       0xb8 build/default/production/_ext/1425699677/queue.o
 .debug_aranges
                0x00000598      0x178 build/default/production/_ext/1425699677/tasks.o
 .debug_aranges
                0x00000710       0x70 build/default/production/_ext/1425699677/timers.o
 .debug_aranges
                0x00000780       0x60 build/default/production/_ext/1425699677/event_groups.o
 .debug_aranges
                0x000007e0       0x38 build/default/production/_ext/856445280/heap_1.o
 .debug_aranges
                0x00000818       0x58 build/default/production/_ext/1570369997/port.o
 .debug_aranges
                0x00000870       0x20 build/default/production/_ext/1570369997/port_asm.o
 .debug_aranges
                0x00000890       0x78 build/default/production/_ext/1361460060/drv_adc_static.o
 .debug_aranges
                0x00000908       0x38 build/default/production/_ext/639803181/sys_clk_static.o
 .debug_aranges
                0x00000940       0x20 build/default/production/_ext/822048611/sys_ports_static.o
 .debug_aranges
                0x00000960       0x20 build/default/production/_ext/1688732426/system_init.o
 .debug_aranges
                0x00000980       0x28 build/default/production/_ext/1688732426/system_interrupt.o
 .debug_aranges
                0x000009a8       0x20 build/default/production/_ext/1688732426/system_exceptions.o
 .debug_aranges
                0x000009c8       0x50 build/default/production/_ext/1688732426/system_tasks.o
 .debug_aranges
                0x00000a18       0x38 build/default/production/_ext/1688732426/system_interrupt_a.o
 .debug_aranges
                0x00000a50       0x28 build/default/production/_ext/1688732426/rtos_hooks.o
 .debug_aranges
                0x00000a78       0x20 c:/program files (x86)/microchip/xc32/v1.40/bin/bin/../../lib/gcc/pic32mx/4.8.3/../../../../pic32mx/lib\libpic32.a(default-bootstrap-exception-handler.o)
 .debug_aranges
                0x00000a98       0x20 c:/program files (x86)/microchip/xc32/v1.40/bin/bin/../../lib/gcc/pic32mx/4.8.3/../../../../pic32mx/lib\libpic32.a(default-on-reset.o)
 .debug_aranges
                0x00000ab8       0x20 c:/program files (x86)/microchip/xc32/v1.40/bin/bin/../../lib/gcc/pic32mx/4.8.3/../../../../pic32mx/lib\libpic32.a(default-on-bootstrap.o)
 .debug_aranges
                0x00000ad8       0x20 c:/program files (x86)/microchip/xc32/v1.40/bin/bin/../../lib/gcc/pic32mx/4.8.3/../../../../pic32mx/lib\libpic32.a(defaultinterrupt.o)

.debug_pubnames
 *(.debug_pubnames)

.debug_info     0x00000000    0x32414
 *(.debug_info .gnu.linkonce.wi.*)
 .debug_info    0x00000000      0x1a8 build/default/production/_ext/1360937237/main.o
 .debug_info    0x000001a8     0x1b60 build/default/production/_ext/1360937237/USART.o
 .debug_info    0x00001d08     0x14b5 build/default/production/_ext/1360937237/CONTROL.o
 .debug_info    0x000031bd     0x14a0 build/default/production/_ext/1360937237/OLED.o
 .debug_info    0x0000465d     0x14a7 build/default/production/_ext/1360937237/ROVER.o
 .debug_info    0x00005b04     0x14ae build/default/production/_ext/1360937237/SENSOR.o
 .debug_info    0x00006fb2     0x19a4 build/default/production/_ext/1360937237/DEBUG.o
 .debug_info    0x00008956     0x6319 build/default/production/_ext/1447027265/drv_usart.o
 .debug_info    0x0000ec6f     0x2618 build/default/production/_ext/1447027265/drv_usart_buffer_queue.o
 .debug_info    0x00011287     0x2c84 build/default/production/_ext/1447027265/drv_usart_read_write.o
 .debug_info    0x00013f0b      0xab0 build/default/production/_ext/558795198/osal_freertos.o
 .debug_info    0x000149bb     0x109e build/default/production/_ext/1858366876/sys_devcon.o
 .debug_info    0x00015a59      0xd75 build/default/production/_ext/1858366876/sys_devcon_pic32mx.o
 .debug_info    0x000167ce     0x15dc build/default/production/_ext/1179745986/sys_int_pic32.o
 .debug_info    0x00017daa     0x325f build/default/production/_ext/2038484453/sys_ports.o
 .debug_info    0x0001b009      0x191 build/default/production/_ext/1425699677/croutine.o
 .debug_info    0x0001b19a      0x495 build/default/production/_ext/1425699677/list.o
 .debug_info    0x0001b62f     0x1846 build/default/production/_ext/1425699677/queue.o
 .debug_info    0x0001ce75     0x29ce build/default/production/_ext/1425699677/tasks.o
 .debug_info    0x0001f843     0x1519 build/default/production/_ext/1425699677/timers.o
 .debug_info    0x00020d5c      0xd63 build/default/production/_ext/1425699677/event_groups.o
 .debug_info    0x00021abf      0x395 build/default/production/_ext/856445280/heap_1.o
 .debug_info    0x00021e54     0x11c0 build/default/production/_ext/1570369997/port.o
 .debug_info    0x00023014       0xdf build/default/production/_ext/1570369997/port_asm.o
 .debug_info    0x000230f3     0x40f2 build/default/production/_ext/1361460060/drv_adc_static.o
 .debug_info    0x000271e5     0x1db1 build/default/production/_ext/639803181/sys_clk_static.o
 .debug_info    0x00028f96      0xcbc build/default/production/_ext/822048611/sys_ports_static.o
 .debug_info    0x00029c52     0x32f5 build/default/production/_ext/1688732426/system_init.o
 .debug_info    0x0002cf47     0x207b build/default/production/_ext/1688732426/system_interrupt.o
 .debug_info    0x0002efc2     0x14b7 build/default/production/_ext/1688732426/system_exceptions.o
 .debug_info    0x00030479     0x1975 build/default/production/_ext/1688732426/system_tasks.o
 .debug_info    0x00031dee       0x9a build/default/production/_ext/1688732426/system_interrupt_a.o
 .debug_info    0x00031e88      0x250 build/default/production/_ext/1688732426/rtos_hooks.o
 .debug_info    0x000320d8       0xe3 c:/program files (x86)/microchip/xc32/v1.40/bin/bin/../../lib/gcc/pic32mx/4.8.3/../../../../pic32mx/lib\libpic32.a(default-bootstrap-exception-handler.o)
 .debug_info    0x000321bb       0xbd c:/program files (x86)/microchip/xc32/v1.40/bin/bin/../../lib/gcc/pic32mx/4.8.3/../../../../pic32mx/lib\libpic32.a(default-on-reset.o)
 .debug_info    0x00032278       0xc5 c:/program files (x86)/microchip/xc32/v1.40/bin/bin/../../lib/gcc/pic32mx/4.8.3/../../../../pic32mx/lib\libpic32.a(default-on-bootstrap.o)
 .debug_info    0x0003233d       0xd7 c:/program files (x86)/microchip/xc32/v1.40/bin/bin/../../lib/gcc/pic32mx/4.8.3/../../../../pic32mx/lib\libpic32.a(defaultinterrupt.o)

.debug_abbrev   0x00000000     0x3a41
 *(.debug_abbrev)
 .debug_abbrev  0x00000000       0x93 build/default/production/_ext/1360937237/main.o
 .debug_abbrev  0x00000093      0x1dd build/default/production/_ext/1360937237/USART.o
 .debug_abbrev  0x00000270       0xc7 build/default/production/_ext/1360937237/CONTROL.o
 .debug_abbrev  0x00000337       0xc7 build/default/production/_ext/1360937237/OLED.o
 .debug_abbrev  0x000003fe       0xc7 build/default/production/_ext/1360937237/ROVER.o
 .debug_abbrev  0x000004c5       0xc7 build/default/production/_ext/1360937237/SENSOR.o
 .debug_abbrev  0x0000058c      0x1a9 build/default/production/_ext/1360937237/DEBUG.o
 .debug_abbrev  0x00000735      0x40a build/default/production/_ext/1447027265/drv_usart.o
 .debug_abbrev  0x00000b3f      0x35c build/default/production/_ext/1447027265/drv_usart_buffer_queue.o
 .debug_abbrev  0x00000e9b      0x333 build/default/production/_ext/1447027265/drv_usart_read_write.o
 .debug_abbrev  0x000011ce      0x1fe build/default/production/_ext/558795198/osal_freertos.o
 .debug_abbrev  0x000013cc      0x26d build/default/production/_ext/1858366876/sys_devcon.o
 .debug_abbrev  0x00001639      0x16d build/default/production/_ext/1858366876/sys_devcon_pic32mx.o
 .debug_abbrev  0x000017a6      0x1d0 build/default/production/_ext/1179745986/sys_int_pic32.o
 .debug_abbrev  0x00001976      0x219 build/default/production/_ext/2038484453/sys_ports.o
 .debug_abbrev  0x00001b8f       0x1b build/default/production/_ext/1425699677/croutine.o
 .debug_abbrev  0x00001baa       0xf1 build/default/production/_ext/1425699677/list.o
 .debug_abbrev  0x00001c9b      0x2c4 build/default/production/_ext/1425699677/queue.o
 .debug_abbrev  0x00001f5f      0x383 build/default/production/_ext/1425699677/tasks.o
 .debug_abbrev  0x000022e2      0x337 build/default/production/_ext/1425699677/timers.o
 .debug_abbrev  0x00002619      0x29a build/default/production/_ext/1425699677/event_groups.o
 .debug_abbrev  0x000028b3      0x13f build/default/production/_ext/856445280/heap_1.o
 .debug_abbrev  0x000029f2      0x2cf build/default/production/_ext/1570369997/port.o
 .debug_abbrev  0x00002cc1       0x14 build/default/production/_ext/1570369997/port_asm.o
 .debug_abbrev  0x00002cd5      0x1e4 build/default/production/_ext/1361460060/drv_adc_static.o
 .debug_abbrev  0x00002eb9      0x23e build/default/production/_ext/639803181/sys_clk_static.o
 .debug_abbrev  0x000030f7      0x12f build/default/production/_ext/822048611/sys_ports_static.o
 .debug_abbrev  0x00003226      0x2cf build/default/production/_ext/1688732426/system_init.o
 .debug_abbrev  0x000034f5      0x195 build/default/production/_ext/1688732426/system_interrupt.o
 .debug_abbrev  0x0000368a       0xdf build/default/production/_ext/1688732426/system_exceptions.o
 .debug_abbrev  0x00003769      0x18f build/default/production/_ext/1688732426/system_tasks.o
 .debug_abbrev  0x000038f8       0x12 build/default/production/_ext/1688732426/system_interrupt_a.o
 .debug_abbrev  0x0000390a       0x97 build/default/production/_ext/1688732426/rtos_hooks.o
 .debug_abbrev  0x000039a1       0x28 c:/program files (x86)/microchip/xc32/v1.40/bin/bin/../../lib/gcc/pic32mx/4.8.3/../../../../pic32mx/lib\libpic32.a(default-bootstrap-exception-handler.o)
 .debug_abbrev  0x000039c9       0x28 c:/program files (x86)/microchip/xc32/v1.40/bin/bin/../../lib/gcc/pic32mx/4.8.3/../../../../pic32mx/lib\libpic32.a(default-on-reset.o)
 .debug_abbrev  0x000039f1       0x28 c:/program files (x86)/microchip/xc32/v1.40/bin/bin/../../lib/gcc/pic32mx/4.8.3/../../../../pic32mx/lib\libpic32.a(default-on-bootstrap.o)
 .debug_abbrev  0x00003a19       0x28 c:/program files (x86)/microchip/xc32/v1.40/bin/bin/../../lib/gcc/pic32mx/4.8.3/../../../../pic32mx/lib\libpic32.a(defaultinterrupt.o)

.debug_line     0x00000000     0x8e09
 *(.debug_line)
 .debug_line    0x00000000       0xbc build/default/production/_ext/1360937237/main.o
 .debug_line    0x000000bc      0x41b build/default/production/_ext/1360937237/USART.o
 .debug_line    0x000004d7      0x2c7 build/default/production/_ext/1360937237/CONTROL.o
 .debug_line    0x0000079e      0x2c1 build/default/production/_ext/1360937237/OLED.o
 .debug_line    0x00000a5f      0x2c3 build/default/production/_ext/1360937237/ROVER.o
 .debug_line    0x00000d22      0x2c5 build/default/production/_ext/1360937237/SENSOR.o
 .debug_line    0x00000fe7      0x42c build/default/production/_ext/1360937237/DEBUG.o
 .debug_line    0x00001413     0x106c build/default/production/_ext/1447027265/drv_usart.o
 .debug_line    0x0000247f      0x6eb build/default/production/_ext/1447027265/drv_usart_buffer_queue.o
 .debug_line    0x00002b6a      0x7fb build/default/production/_ext/1447027265/drv_usart_read_write.o
 .debug_line    0x00003365      0x2bb build/default/production/_ext/558795198/osal_freertos.o
 .debug_line    0x00003620      0x5c6 build/default/production/_ext/1858366876/sys_devcon.o
 .debug_line    0x00003be6      0x471 build/default/production/_ext/1858366876/sys_devcon_pic32mx.o
 .debug_line    0x00004057      0x38c build/default/production/_ext/1179745986/sys_int_pic32.o
 .debug_line    0x000043e3      0x870 build/default/production/_ext/2038484453/sys_ports.o
 .debug_line    0x00004c53       0x1d build/default/production/_ext/1425699677/croutine.o
 .debug_line    0x00004c70      0x1dc build/default/production/_ext/1425699677/list.o
 .debug_line    0x00004e4c      0x4a2 build/default/production/_ext/1425699677/queue.o
 .debug_line    0x000052ee      0x7f0 build/default/production/_ext/1425699677/tasks.o
 .debug_line    0x00005ade      0x38d build/default/production/_ext/1425699677/timers.o
 .debug_line    0x00005e6b      0x321 build/default/production/_ext/1425699677/event_groups.o
 .debug_line    0x0000618c      0x216 build/default/production/_ext/856445280/heap_1.o
 .debug_line    0x000063a2      0x23a build/default/production/_ext/1570369997/port.o
 .debug_line    0x000065dc      0x126 build/default/production/_ext/1570369997/port_asm.o
 .debug_line    0x00006702      0x7ac build/default/production/_ext/1361460060/drv_adc_static.o
 .debug_line    0x00006eae      0x544 build/default/production/_ext/639803181/sys_clk_static.o
 .debug_line    0x000073f2      0x2d9 build/default/production/_ext/822048611/sys_ports_static.o
 .debug_line    0x000076cb      0x6d0 build/default/production/_ext/1688732426/system_init.o
 .debug_line    0x00007d9b      0x479 build/default/production/_ext/1688732426/system_interrupt.o
 .debug_line    0x00008214      0x30c build/default/production/_ext/1688732426/system_exceptions.o
 .debug_line    0x00008520      0x4c4 build/default/production/_ext/1688732426/system_tasks.o
 .debug_line    0x000089e4       0xa5 build/default/production/_ext/1688732426/system_interrupt_a.o
 .debug_line    0x00008a89      0x147 build/default/production/_ext/1688732426/rtos_hooks.o
 .debug_line    0x00008bd0       0x97 c:/program files (x86)/microchip/xc32/v1.40/bin/bin/../../lib/gcc/pic32mx/4.8.3/../../../../pic32mx/lib\libpic32.a(default-bootstrap-exception-handler.o)
 .debug_line    0x00008c67       0x84 c:/program files (x86)/microchip/xc32/v1.40/bin/bin/../../lib/gcc/pic32mx/4.8.3/../../../../pic32mx/lib\libpic32.a(default-on-reset.o)
 .debug_line    0x00008ceb       0x88 c:/program files (x86)/microchip/xc32/v1.40/bin/bin/../../lib/gcc/pic32mx/4.8.3/../../../../pic32mx/lib\libpic32.a(default-on-bootstrap.o)
 .debug_line    0x00008d73       0x96 c:/program files (x86)/microchip/xc32/v1.40/bin/bin/../../lib/gcc/pic32mx/4.8.3/../../../../pic32mx/lib\libpic32.a(defaultinterrupt.o)

.debug_frame    0x00000000     0x1694
 *(.debug_frame)
 .debug_frame   0x00000000       0x28 build/default/production/_ext/1360937237/main.o
 .debug_frame   0x00000028       0x78 build/default/production/_ext/1360937237/USART.o
 .debug_frame   0x000000a0       0x30 build/default/production/_ext/1360937237/CONTROL.o
 .debug_frame   0x000000d0       0x30 build/default/production/_ext/1360937237/OLED.o
 .debug_frame   0x00000100       0x30 build/default/production/_ext/1360937237/ROVER.o
 .debug_frame   0x00000130       0x30 build/default/production/_ext/1360937237/SENSOR.o
 .debug_frame   0x00000160       0x30 build/default/production/_ext/1360937237/DEBUG.o
 .debug_frame   0x00000190      0x1f0 build/default/production/_ext/1447027265/drv_usart.o
 .debug_frame   0x00000380       0x70 build/default/production/_ext/1447027265/drv_usart_buffer_queue.o
 .debug_frame   0x000003f0       0x58 build/default/production/_ext/1447027265/drv_usart_read_write.o
 .debug_frame   0x00000448      0x150 build/default/production/_ext/558795198/osal_freertos.o
 .debug_frame   0x00000598       0xe8 build/default/production/_ext/1858366876/sys_devcon.o
 .debug_frame   0x00000680       0x28 build/default/production/_ext/1858366876/sys_devcon_pic32mx.o
 .debug_frame   0x000006a8       0x90 build/default/production/_ext/1179745986/sys_int_pic32.o
 .debug_frame   0x00000738      0x1d0 build/default/production/_ext/2038484453/sys_ports.o
 .debug_frame   0x00000908       0x60 build/default/production/_ext/1425699677/list.o
 .debug_frame   0x00000968      0x230 build/default/production/_ext/1425699677/queue.o
 .debug_frame   0x00000b98      0x450 build/default/production/_ext/1425699677/tasks.o
 .debug_frame   0x00000fe8      0x134 build/default/production/_ext/1425699677/timers.o
 .debug_frame   0x0000111c      0x108 build/default/production/_ext/1425699677/event_groups.o
 .debug_frame   0x00001224       0x5c build/default/production/_ext/856445280/heap_1.o
 .debug_frame   0x00001280       0xc0 build/default/production/_ext/1570369997/port.o
 .debug_frame   0x00001340       0xd0 build/default/production/_ext/1361460060/drv_adc_static.o
 .debug_frame   0x00001410       0x58 build/default/production/_ext/639803181/sys_clk_static.o
 .debug_frame   0x00001468       0x20 build/default/production/_ext/822048611/sys_ports_static.o
 .debug_frame   0x00001488       0x28 build/default/production/_ext/1688732426/system_init.o
 .debug_frame   0x000014b0       0x38 build/default/production/_ext/1688732426/system_interrupt.o
 .debug_frame   0x000014e8       0x28 build/default/production/_ext/1688732426/system_exceptions.o
 .debug_frame   0x00001510       0xb8 build/default/production/_ext/1688732426/system_tasks.o
 .debug_frame   0x000015c8       0x40 build/default/production/_ext/1688732426/rtos_hooks.o
 .debug_frame   0x00001608       0x2c c:/program files (x86)/microchip/xc32/v1.40/bin/bin/../../lib/gcc/pic32mx/4.8.3/../../../../pic32mx/lib\libpic32.a(default-bootstrap-exception-handler.o)
 .debug_frame   0x00001634       0x20 c:/program files (x86)/microchip/xc32/v1.40/bin/bin/../../lib/gcc/pic32mx/4.8.3/../../../../pic32mx/lib\libpic32.a(default-on-reset.o)
 .debug_frame   0x00001654       0x20 c:/program files (x86)/microchip/xc32/v1.40/bin/bin/../../lib/gcc/pic32mx/4.8.3/../../../../pic32mx/lib\libpic32.a(default-on-bootstrap.o)
 .debug_frame   0x00001674       0x20 c:/program files (x86)/microchip/xc32/v1.40/bin/bin/../../lib/gcc/pic32mx/4.8.3/../../../../pic32mx/lib\libpic32.a(defaultinterrupt.o)

.debug_str      0x00000000      0x8f6
 *(.debug_str)
 .debug_str     0x00000000        0x0 build/default/production/_ext/1360937237/main.o
 .debug_str     0x00000000        0xa build/default/production/_ext/1360937237/USART.o
 .debug_str     0x0000000a        0x0 build/default/production/_ext/1360937237/CONTROL.o
 .debug_str     0x0000000a        0x0 build/default/production/_ext/1360937237/OLED.o
 .debug_str     0x0000000a        0x0 build/default/production/_ext/1360937237/ROVER.o
 .debug_str     0x0000000a        0x0 build/default/production/_ext/1360937237/SENSOR.o
 .debug_str     0x0000000a        0xe build/default/production/_ext/1360937237/DEBUG.o
 .debug_str     0x00000018      0x167 build/default/production/_ext/1447027265/drv_usart.o
 .debug_str     0x0000017f       0x74 build/default/production/_ext/1447027265/drv_usart_buffer_queue.o
 .debug_str     0x000001f3       0x46 build/default/production/_ext/1447027265/drv_usart_read_write.o
 .debug_str     0x00000239       0x40 build/default/production/_ext/558795198/osal_freertos.o
 .debug_str     0x00000279       0x16 build/default/production/_ext/1858366876/sys_devcon.o
 .debug_str     0x0000028f        0x6 build/default/production/_ext/1858366876/sys_devcon_pic32mx.o
 .debug_str     0x00000295       0x2d build/default/production/_ext/1179745986/sys_int_pic32.o
 .debug_str     0x000002c2       0x98 build/default/production/_ext/2038484453/sys_ports.o
 .debug_str     0x0000035a        0x0 build/default/production/_ext/1425699677/croutine.o
 .debug_str     0x0000035a       0x2b build/default/production/_ext/1425699677/list.o
 .debug_str     0x00000385       0xf1 build/default/production/_ext/1425699677/queue.o
 .debug_str     0x00000476      0x174 build/default/production/_ext/1425699677/tasks.o
 .debug_str     0x000005ea       0xbf build/default/production/_ext/1425699677/timers.o
 .debug_str     0x000006a9       0xe6 build/default/production/_ext/1425699677/event_groups.o
 .debug_str     0x0000078f       0x1d build/default/production/_ext/856445280/heap_1.o
 .debug_str     0x000007ac       0x37 build/default/production/_ext/1570369997/port.o
 .debug_str     0x000007e3       0x8e build/default/production/_ext/1361460060/drv_adc_static.o
 .debug_str     0x00000871       0x39 build/default/production/_ext/639803181/sys_clk_static.o
 .debug_str     0x000008aa        0xd build/default/production/_ext/822048611/sys_ports_static.o
 .debug_str     0x000008b7       0x36 build/default/production/_ext/1688732426/system_init.o
 .debug_str     0x000008ed        0x0 build/default/production/_ext/1688732426/system_interrupt.o
 .debug_str     0x000008ed        0x0 build/default/production/_ext/1688732426/system_exceptions.o
 .debug_str     0x000008ed        0x0 build/default/production/_ext/1688732426/system_tasks.o
 .debug_str     0x000008ed        0x9 build/default/production/_ext/1688732426/rtos_hooks.o
 .debug_str     0x000008f6        0x0 c:/program files (x86)/microchip/xc32/v1.40/bin/bin/../../lib/gcc/pic32mx/4.8.3/../../../../pic32mx/lib\libpic32.a(default-bootstrap-exception-handler.o)
 .debug_str     0x000008f6        0x0 c:/program files (x86)/microchip/xc32/v1.40/bin/bin/../../lib/gcc/pic32mx/4.8.3/../../../../pic32mx/lib\libpic32.a(default-on-reset.o)
 .debug_str     0x000008f6        0x0 c:/program files (x86)/microchip/xc32/v1.40/bin/bin/../../lib/gcc/pic32mx/4.8.3/../../../../pic32mx/lib\libpic32.a(default-on-bootstrap.o)
 .debug_str     0x000008f6        0x0 c:/program files (x86)/microchip/xc32/v1.40/bin/bin/../../lib/gcc/pic32mx/4.8.3/../../../../pic32mx/lib\libpic32.a(defaultinterrupt.o)

.debug_loc      0x00000000     0xa5e9
 *(.debug_loc)
 .debug_loc     0x00000000      0x1ad build/default/production/_ext/1360937237/USART.o
 .debug_loc     0x000001ad     0x448e build/default/production/_ext/1447027265/drv_usart.o
 .debug_loc     0x0000463b      0x697 build/default/production/_ext/1447027265/drv_usart_buffer_queue.o
 .debug_loc     0x00004cd2      0xe09 build/default/production/_ext/1447027265/drv_usart_read_write.o
 .debug_loc     0x00005adb      0x40c build/default/production/_ext/558795198/osal_freertos.o
 .debug_loc     0x00005ee7       0xf0 build/default/production/_ext/1858366876/sys_devcon.o
 .debug_loc     0x00005fd7       0xe0 build/default/production/_ext/1858366876/sys_devcon_pic32mx.o
 .debug_loc     0x000060b7       0x8d build/default/production/_ext/1179745986/sys_int_pic32.o
 .debug_loc     0x00006144      0xee1 build/default/production/_ext/2038484453/sys_ports.o
 .debug_loc     0x00007025       0x31 build/default/production/_ext/1425699677/list.o
 .debug_loc     0x00007056      0xd35 build/default/production/_ext/1425699677/queue.o
 .debug_loc     0x00007d8b     0x14fa build/default/production/_ext/1425699677/tasks.o
 .debug_loc     0x00009285      0x7c0 build/default/production/_ext/1425699677/timers.o
 .debug_loc     0x00009a45      0x8ea build/default/production/_ext/1425699677/event_groups.o
 .debug_loc     0x0000a32f       0x49 build/default/production/_ext/856445280/heap_1.o
 .debug_loc     0x0000a378       0xea build/default/production/_ext/1570369997/port.o
 .debug_loc     0x0000a462      0x111 build/default/production/_ext/1361460060/drv_adc_static.o
 .debug_loc     0x0000a573       0x21 build/default/production/_ext/639803181/sys_clk_static.o
 .debug_loc     0x0000a594       0x21 build/default/production/_ext/1688732426/system_init.o
 .debug_loc     0x0000a5b5       0x34 build/default/production/_ext/1688732426/rtos_hooks.o

.debug_macinfo
 *(.debug_macinfo)

.debug_weaknames
 *(.debug_weaknames)

.debug_funcnames
 *(.debug_funcnames)

.debug_typenames
 *(.debug_typenames)

.debug_varnames
 *(.debug_varnames)

.debug_pubtypes
 *(.debug_pubtypes)

.debug_ranges   0x00000000     0x1710
 *(.debug_ranges)
 .debug_ranges  0x00000000       0x10 build/default/production/_ext/1360937237/main.o
 .debug_ranges  0x00000010       0x78 build/default/production/_ext/1360937237/USART.o
 .debug_ranges  0x00000088       0x18 build/default/production/_ext/1360937237/CONTROL.o
 .debug_ranges  0x000000a0       0x18 build/default/production/_ext/1360937237/OLED.o
 .debug_ranges  0x000000b8       0x18 build/default/production/_ext/1360937237/ROVER.o
 .debug_ranges  0x000000d0       0x18 build/default/production/_ext/1360937237/SENSOR.o
 .debug_ranges  0x000000e8       0x18 build/default/production/_ext/1360937237/DEBUG.o
 .debug_ranges  0x00000100      0x9a0 build/default/production/_ext/1447027265/drv_usart.o
 .debug_ranges  0x00000aa0       0x60 build/default/production/_ext/1447027265/drv_usart_buffer_queue.o
 .debug_ranges  0x00000b00      0x3d0 build/default/production/_ext/1447027265/drv_usart_read_write.o
 .debug_ranges  0x00000ed0       0x78 build/default/production/_ext/558795198/osal_freertos.o
 .debug_ranges  0x00000f48       0x68 build/default/production/_ext/1858366876/sys_devcon.o
 .debug_ranges  0x00000fb0       0x10 build/default/production/_ext/1858366876/sys_devcon_pic32mx.o
 .debug_ranges  0x00000fc0       0x50 build/default/production/_ext/1179745986/sys_int_pic32.o
 .debug_ranges  0x00001010       0xe8 build/default/production/_ext/2038484453/sys_ports.o
 .debug_ranges  0x000010f8       0x30 build/default/production/_ext/1425699677/list.o
 .debug_ranges  0x00001128       0xa8 build/default/production/_ext/1425699677/queue.o
 .debug_ranges  0x000011d0      0x1b0 build/default/production/_ext/1425699677/tasks.o
 .debug_ranges  0x00001380       0xe8 build/default/production/_ext/1425699677/timers.o
 .debug_ranges  0x00001468       0x98 build/default/production/_ext/1425699677/event_groups.o
 .debug_ranges  0x00001500       0x28 build/default/production/_ext/856445280/heap_1.o
 .debug_ranges  0x00001528       0x48 build/default/production/_ext/1570369997/port.o
 .debug_ranges  0x00001570       0x68 build/default/production/_ext/1361460060/drv_adc_static.o
 .debug_ranges  0x000015d8       0x28 build/default/production/_ext/639803181/sys_clk_static.o
 .debug_ranges  0x00001600       0x10 build/default/production/_ext/822048611/sys_ports_static.o
 .debug_ranges  0x00001610       0x10 build/default/production/_ext/1688732426/system_init.o
 .debug_ranges  0x00001620       0x18 build/default/production/_ext/1688732426/system_interrupt.o
 .debug_ranges  0x00001638       0x10 build/default/production/_ext/1688732426/system_exceptions.o
 .debug_ranges  0x00001648       0x40 build/default/production/_ext/1688732426/system_tasks.o
 .debug_ranges  0x00001688       0x30 build/default/production/_ext/1688732426/system_interrupt_a.o
 .debug_ranges  0x000016b8       0x18 build/default/production/_ext/1688732426/rtos_hooks.o
 .debug_ranges  0x000016d0       0x10 c:/program files (x86)/microchip/xc32/v1.40/bin/bin/../../lib/gcc/pic32mx/4.8.3/../../../../pic32mx/lib\libpic32.a(default-bootstrap-exception-handler.o)
 .debug_ranges  0x000016e0       0x10 c:/program files (x86)/microchip/xc32/v1.40/bin/bin/../../lib/gcc/pic32mx/4.8.3/../../../../pic32mx/lib\libpic32.a(default-on-reset.o)
 .debug_ranges  0x000016f0       0x10 c:/program files (x86)/microchip/xc32/v1.40/bin/bin/../../lib/gcc/pic32mx/4.8.3/../../../../pic32mx/lib\libpic32.a(default-on-bootstrap.o)
 .debug_ranges  0x00001700       0x10 c:/program files (x86)/microchip/xc32/v1.40/bin/bin/../../lib/gcc/pic32mx/4.8.3/../../../../pic32mx/lib\libpic32.a(defaultinterrupt.o)

.gnu.attributes
                0x00000000       0x10
 *(.gnu.attributes)
 .gnu.attributes
                0x00000000       0x10 build/default/production/_ext/1360937237/main.o
 .gnu.attributes
                0x00000010       0x10 build/default/production/_ext/1360937237/USART.o
 .gnu.attributes
                0x00000020       0x10 build/default/production/_ext/1360937237/CONTROL.o
 .gnu.attributes
                0x00000030       0x10 build/default/production/_ext/1360937237/OLED.o
 .gnu.attributes
                0x00000040       0x10 build/default/production/_ext/1360937237/ROVER.o
 .gnu.attributes
                0x00000050       0x10 build/default/production/_ext/1360937237/SENSOR.o
 .gnu.attributes
                0x00000060       0x10 build/default/production/_ext/1360937237/DEBUG.o
 .gnu.attributes
                0x00000070       0x10 build/default/production/_ext/1447027265/drv_usart.o
 .gnu.attributes
                0x00000080       0x10 build/default/production/_ext/1447027265/drv_usart_buffer_queue.o
 .gnu.attributes
                0x00000090       0x10 build/default/production/_ext/1447027265/drv_usart_read_write.o
 .gnu.attributes
                0x000000a0       0x10 build/default/production/_ext/558795198/osal_freertos.o
 .gnu.attributes
                0x000000b0       0x10 build/default/production/_ext/1858366876/sys_devcon.o
 .gnu.attributes
                0x000000c0       0x10 build/default/production/_ext/1858366876/sys_devcon_pic32mx.o
 .gnu.attributes
                0x000000d0       0x10 build/default/production/_ext/1179745986/sys_int_pic32.o
 .gnu.attributes
                0x000000e0       0x10 build/default/production/_ext/2038484453/sys_ports.o
 .gnu.attributes
                0x000000f0       0x10 build/default/production/_ext/1425699677/croutine.o
 .gnu.attributes
                0x00000100       0x10 build/default/production/_ext/1425699677/list.o
 .gnu.attributes
                0x00000110       0x10 build/default/production/_ext/1425699677/queue.o
 .gnu.attributes
                0x00000120       0x10 build/default/production/_ext/1425699677/tasks.o
 .gnu.attributes
                0x00000130       0x10 build/default/production/_ext/1425699677/timers.o
 .gnu.attributes
                0x00000140       0x10 build/default/production/_ext/1425699677/event_groups.o
 .gnu.attributes
                0x00000150       0x10 build/default/production/_ext/856445280/heap_1.o
 .gnu.attributes
                0x00000160       0x10 build/default/production/_ext/1570369997/port.o
 .gnu.attributes
                0x00000170       0x10 build/default/production/_ext/1361460060/drv_adc_static.o
 .gnu.attributes
                0x00000180       0x10 build/default/production/_ext/639803181/sys_clk_static.o
 .gnu.attributes
                0x00000190       0x10 build/default/production/_ext/822048611/sys_ports_static.o
 .gnu.attributes
                0x000001a0       0x10 build/default/production/_ext/1688732426/system_init.o
 .gnu.attributes
                0x000001b0       0x10 build/default/production/_ext/1688732426/system_interrupt.o
 .gnu.attributes
                0x000001c0       0x10 build/default/production/_ext/1688732426/system_exceptions.o
 .gnu.attributes
                0x000001d0       0x10 build/default/production/_ext/1688732426/system_tasks.o
 .gnu.attributes
                0x000001e0       0x10 build/default/production/_ext/1688732426/rtos_hooks.o
 .gnu.attributes
                0x000001f0       0x10 c:/program files (x86)/microchip/xc32/v1.40/bin/bin/../../lib/gcc/pic32mx/4.8.3/../../../../pic32mx/lib\libpic32.a(default-bootstrap-exception-handler.o)
 .gnu.attributes
                0x00000200       0x10 c:/program files (x86)/microchip/xc32/v1.40/bin/bin/../../lib/gcc/pic32mx/4.8.3/../../../../pic32mx/lib\libpic32.a(default-on-reset.o)
 .gnu.attributes
                0x00000210       0x10 c:/program files (x86)/microchip/xc32/v1.40/bin/bin/../../lib/gcc/pic32mx/4.8.3/../../../../pic32mx/lib\libpic32.a(default-on-bootstrap.o)
 .gnu.attributes
                0x00000220       0x10 c:/program files (x86)/microchip/xc32/v1.40/bin/bin/../../lib/gcc/pic32mx/4.8.3/../../../../pic32mx/lib\libpic32.a(defaultinterrupt.o)
LOAD c:/program files (x86)/microchip/xc32/v1.40/bin/bin/../../lib/gcc/pic32mx/4.8.3\libgcc.a
START GROUP
LOAD c:/program files (x86)/microchip/xc32/v1.40/bin/bin/../../lib/gcc/pic32mx/4.8.3/../../../../pic32mx/lib\libpic32.a
LOAD c:/program files (x86)/microchip/xc32/v1.40/bin/bin/../../lib/gcc/pic32mx/4.8.3/../../../../pic32mx/lib\libdebug.a
LOAD c:/program files (x86)/microchip/xc32/v1.40/bin/bin/../../lib/gcc/pic32mx/4.8.3/../../../../pic32mx/lib\libpic32.a
LOAD c:/program files (x86)/microchip/xc32/v1.40/bin/bin/../../lib/gcc/pic32mx/4.8.3/../../../../pic32mx/lib\libm.a
LOAD c:/program files (x86)/microchip/xc32/v1.40/bin/bin/../../lib/gcc/pic32mx/4.8.3/../../../../pic32mx/lib\libe.a
LOAD c:/program files (x86)/microchip/xc32/v1.40/bin/bin/../../lib/gcc/pic32mx/4.8.3/../../../../pic32mx/lib\libdsp.a
LOAD c:/program files (x86)/microchip/xc32/v1.40/bin/bin/../../lib/gcc/pic32mx/4.8.3\libgcc.a
LOAD c:/program files (x86)/microchip/xc32/v1.40/bin/bin/../../lib/gcc/pic32mx/4.8.3/../../../../pic32mx/lib\libc.a
LOAD c:/program files (x86)/microchip/xc32/v1.40/bin/bin/../../lib/gcc/pic32mx/4.8.3/../../../../pic32mx/lib\libpic32.a
END GROUP
LOAD c:/program files (x86)/microchip/xc32/v1.40/bin/bin/../../lib/gcc/pic32mx/4.8.3\libgcc.a
OUTPUT(dist/default/production/gary.X.production.elf elf32-tradlittlemips)
LOAD stack
LOAD data_init

.reginfo        0x00000000       0x18
 .reginfo       0x00000000       0x18 c:/program files (x86)/microchip/xc32/v1.40/bin/bin/../../lib/gcc/pic32mx/4.8.3/../../../../pic32mx/lib/./proc/32MX795F512L/crt0_mips32r2.o

.stack          0xa000b3c8      0x400
 .stack         0xa000b3c8      0x400 stack

.bss            0xa0000ed8     0xa460
 .bss           0xa0000ed8     0x9d58 build/default/production/_ext/856445280/heap_1.o
 .bss           0xa000ac30      0x640 build/default/production/_ext/1570369997/port.o
                0xa000ac30                xISRStack
 .bss           0xa000b270       0xc8 build/default/production/_ext/1425699677/tasks.o

.data           0xa000b338       0x4c
 .data          0xa000b338       0x4c build/default/production/_ext/1688732426/system_exceptions.o

.bss            0xa000b384       0x28
 .bss           0xa000b384       0x28 build/default/production/_ext/1425699677/timers.o

._debug_exception
                0xbfc00480       0x2c
 ._debug_exception
                0xbfc00480       0x2c c:/program files (x86)/microchip/xc32/v1.40/bin/bin/../../lib/gcc/pic32mx/4.8.3/../../../../pic32mx/lib\debug-exception-return.o
                0xbfc00480                __DbgExecReturn

.text._DRV_USART_HardwareSetup
                0x9d000000      0xa78
 .text._DRV_USART_HardwareSetup
                0x9d000000      0xa78 build/default/production/_ext/1447027265/drv_usart.o
                0x9d000000                _DRV_USART_HardwareSetup

.text           0x9d000a78      0x454
 .text          0x9d000a78      0x454 build/default/production/_ext/1570369997/port_asm.o
                0x9d000a78                vPortTickInterruptHandler
                0x9d000c24                vPortStartFirstTask
                0x9d000cec                vPortYieldISR

.text.DRV_USART_Initialize
                0x9d000ecc      0x370
 .text.DRV_USART_Initialize
                0x9d000ecc      0x370 build/default/production/_ext/1447027265/drv_usart.o
                0x9d000ecc                DRV_USART_Initialize

.text.xTaskGenericCreate
                0x9d00123c      0x2e0
 .text.xTaskGenericCreate
                0x9d00123c      0x2e0 build/default/production/_ext/1425699677/tasks.o
                0x9d00123c                xTaskGenericCreate

.text.DRV_USART_BufferAddRead
                0x9d00151c      0x278
 .text.DRV_USART_BufferAddRead
                0x9d00151c      0x278 build/default/production/_ext/1447027265/drv_usart_buffer_queue.o
                0x9d00151c                DRV_USART_BufferAddRead

.text._DRV_USART_BufferQueueTxTasks
                0x9d001794      0x270
 .text._DRV_USART_BufferQueueTxTasks
                0x9d001794      0x270 build/default/production/_ext/1447027265/drv_usart.o
                0x9d001794                _DRV_USART_BufferQueueTxTasks

.text.prvTimerTask
                0x9d001a04      0x264
 .text.prvTimerTask
                0x9d001a04      0x264 build/default/production/_ext/1425699677/timers.o

.text._DRV_USART_BufferQueueRxTasks
                0x9d001c68      0x258
 .text._DRV_USART_BufferQueueRxTasks
                0x9d001c68      0x258 build/default/production/_ext/1447027265/drv_usart.o
                0x9d001c68                _DRV_USART_BufferQueueRxTasks

.text.xQueueGenericReceive
                0x9d001ec0      0x24c
 .text.xQueueGenericReceive
                0x9d001ec0      0x24c build/default/production/_ext/1425699677/queue.o
                0x9d001ec0                xQueueGenericReceive

.text.xQueueGenericSend
                0x9d00210c      0x208
 .text.xQueueGenericSend
                0x9d00210c      0x208 build/default/production/_ext/1425699677/queue.o
                0x9d00210c                xQueueGenericSend

.text.DRV_USART_TasksError
                0x9d002314      0x1f4
 .text.DRV_USART_TasksError
                0x9d002314      0x1f4 build/default/production/_ext/1447027265/drv_usart.o
                0x9d002314                DRV_USART_TasksError

.text.USART_Tasks
                0x9d002508      0x1ec
 .text.USART_Tasks
                0x9d002508      0x1ec build/default/production/_ext/1360937237/USART.o
                0x9d002508                USART_Tasks

.DrvAdc_vector_text
                0x9d0026f4      0x1b4
 .DrvAdc_vector_text
                0x9d0026f4      0x1b4 build/default/production/_ext/1688732426/system_interrupt_a.o

.DrvUsartInstance0_vector_text
                0x9d0028a8      0x1b4
 .DrvUsartInstance0_vector_text
                0x9d0028a8      0x1b4 build/default/production/_ext/1688732426/system_interrupt_a.o

.text.DRV_USART_Open
                0x9d002a5c      0x184
 .text.DRV_USART_Open
                0x9d002a5c      0x184 build/default/production/_ext/1447027265/drv_usart.o
                0x9d002a5c                DRV_USART_Open

.text.xTaskIncrementTick
                0x9d002be0      0x168
 .text.xTaskIncrementTick
                0x9d002be0      0x168 build/default/production/_ext/1425699677/tasks.o
                0x9d002be0                xTaskIncrementTick

.text           0x9d002d48      0x168
 .text          0x9d002d48      0x168 c:/program files (x86)/microchip/xc32/v1.40/bin/bin/../../lib/gcc/pic32mx/4.8.3/../../../../pic32mx/lib\libpic32.a(memcpy.o)
                0x9d002d48                memcpy

.text.xTaskResumeAll
                0x9d002eb0      0x154
 .text.xTaskResumeAll
                0x9d002eb0      0x154 build/default/production/_ext/1425699677/tasks.o
                0x9d002eb0                xTaskResumeAll

.text.DRV_ADC_Initialize
                0x9d003004      0x134
 .text.DRV_ADC_Initialize
                0x9d003004      0x134 build/default/production/_ext/1361460060/drv_adc_static.o
                0x9d003004                DRV_ADC_Initialize

.text.SYS_Tasks
                0x9d003138      0x134
 .text.SYS_Tasks
                0x9d003138      0x134 build/default/production/_ext/1688732426/system_tasks.o
                0x9d003138                SYS_Tasks

.text.vTaskPriorityInherit
                0x9d00326c      0x12c
 .text.vTaskPriorityInherit
                0x9d00326c      0x12c build/default/production/_ext/1425699677/tasks.o
                0x9d00326c                vTaskPriorityInherit

.dinit          0x9d003398      0x120
 .dinit         0x9d003398      0x120 data_init

.text.prvUnlockQueue
                0x9d0034b8      0x104
 .text.prvUnlockQueue
                0x9d0034b8      0x104 build/default/production/_ext/1425699677/queue.o

.text.prvSampleTimeNow
                0x9d0035bc      0x104
 .text.prvSampleTimeNow
                0x9d0035bc      0x104 build/default/production/_ext/1425699677/timers.o

.text.prvCopyDataToQueue
                0x9d0036c0       0xfc
 .text.prvCopyDataToQueue
                0x9d0036c0       0xfc build/default/production/_ext/1425699677/queue.o

.text.xTaskPriorityDisinherit
                0x9d0037bc       0xf8
 .text.xTaskPriorityDisinherit
                0x9d0037bc       0xf8 build/default/production/_ext/1425699677/tasks.o
                0x9d0037bc                xTaskPriorityDisinherit

.text.xQueueGenericSendFromISR
                0x9d0038b4       0xe8
 .text.xQueueGenericSendFromISR
                0x9d0038b4       0xe8 build/default/production/_ext/1425699677/queue.o
                0x9d0038b4                xQueueGenericSendFromISR

.text.SYS_DEVCON_PerformanceConfig
                0x9d00399c       0xdc
 .text.SYS_DEVCON_PerformanceConfig
                0x9d00399c       0xdc build/default/production/_ext/1858366876/sys_devcon_pic32mx.o
                0x9d00399c                SYS_DEVCON_PerformanceConfig

.text.vTaskSwitchContext
                0x9d003a78       0xdc
 .text.vTaskSwitchContext
                0x9d003a78       0xdc build/default/production/_ext/1425699677/tasks.o
                0x9d003a78                vTaskSwitchContext

.rodata         0x9d003b54       0xdc
 .rodata        0x9d003b54       0xdc build/default/production/_ext/1688732426/system_exceptions.o

.text.general_exception
                0x9d003c30       0xdc
 .text.general_exception
                0x9d003c30       0xdc c:/program files (x86)/microchip/xc32/v1.40/bin/bin/../../lib/gcc/pic32mx/4.8.3/../../../../pic32mx/lib\libpic32.a(general-exception.o)
                0x9d003c30                _general_exception_context

.text.xQueueGenericReset
                0x9d003d0c       0xc4
 .text.xQueueGenericReset
                0x9d003d0c       0xc4 build/default/production/_ext/1425699677/queue.o
                0x9d003d0c                xQueueGenericReset

.text.xQueueGiveFromISR
                0x9d003dd0       0xc4
 .text.xQueueGiveFromISR
                0x9d003dd0       0xc4 build/default/production/_ext/1425699677/queue.o
                0x9d003dd0                xQueueGiveFromISR

.text.SYS_Initialize
                0x9d003e94       0xc4
 .text.SYS_Initialize
                0x9d003e94       0xc4 build/default/production/_ext/1688732426/system_init.o
                0x9d003e94                SYS_Initialize

.text.xTaskRemoveFromEventList
                0x9d003f58       0xbc
 .text.xTaskRemoveFromEventList
                0x9d003f58       0xbc build/default/production/_ext/1425699677/tasks.o
                0x9d003f58                xTaskRemoveFromEventList

.text.pvPortMalloc
                0x9d004014       0xbc
 .text.pvPortMalloc
                0x9d004014       0xbc build/default/production/_ext/856445280/heap_1.o
                0x9d004014                pvPortMalloc

.text.DRV_USART_TasksTransmit
                0x9d0040d0       0xb4
 .text.DRV_USART_TasksTransmit
                0x9d0040d0       0xb4 build/default/production/_ext/1447027265/drv_usart.o
                0x9d0040d0                DRV_USART_TasksTransmit

.text.DRV_USART_TasksReceive
                0x9d004184       0xb4
 .text.DRV_USART_TasksReceive
                0x9d004184       0xb4 build/default/production/_ext/1447027265/drv_usart.o
                0x9d004184                DRV_USART_TasksReceive

.text.prvIdleTask
                0x9d004238       0xb4
 .text.prvIdleTask
                0x9d004238       0xb4 build/default/production/_ext/1425699677/tasks.o

.text           0x9d0042ec       0xa8
 .text          0x9d0042ec       0xa8 c:/program files (x86)/microchip/xc32/v1.40/bin/bin/../../lib/gcc/pic32mx/4.8.3/../../../../pic32mx/lib\libpic32.a(memset.o)
                0x9d0042ec                memset

.text.xTaskCheckForTimeOut
                0x9d004394       0xa0
 .text.xTaskCheckForTimeOut
                0x9d004394       0xa0 build/default/production/_ext/1425699677/tasks.o
                0x9d004394                xTaskCheckForTimeOut

.text.USART_Initialize
                0x9d004434       0x9c
 .text.USART_Initialize
                0x9d004434       0x9c build/default/production/_ext/1360937237/USART.o